<html>
<body>
<pre>
<h1>µVision Build Log</h1>
<h2>Tool Versions:</h2>
IDE-Version: ¦ÌVision V5.26.2.0
Copyright (C) 2018 ARM Ltd and ARM Germany GmbH. All rights reserved.
License Information: A A, A, LIC=YA3WF-69YSN-RX2UD-8FXFM-HVEY3-IZ1MV
 
Tool Versions:
Toolchain:       MDK-ARM Plus  Version: 5.26.2.0
Toolchain Path:  D:\Keil_v5\ARM\ARMCC\Bin
C Compiler:      Armcc.exe V5.06 update 6 (build 750)
Assembler:       Armasm.exe V5.06 update 6 (build 750)
Linker/Locator:  ArmLink.exe V5.06 update 6 (build 750)
Library Manager: ArmAr.exe V5.06 update 6 (build 750)
Hex Converter:   FromElf.exe V5.06 update 6 (build 750)
CPU DLL:         SARMCM3.DLL V5.26.2.0
Dialog DLL:      DCM.DLL V1.17.2.0
Target DLL:      CMSIS_AGDI.dll V1.30.6.0
Dialog DLL:      TCM.DLL V1.36.1.0
 
<h2>Project:</h2>
C:\Users\guoxun\Desktop\mirs_work\LiteOS\Liteos_stm32f407\targets\UART_LED\Project\STM32F07VE.uvprojx
Project File Date:  09/21/2020

<h2>Output:</h2>
*** Using Compiler 'V5.06 update 6 (build 750)', folder: 'D:\Keil_v5\ARM\ARMCC\Bin'
Rebuild target 'KEY_LED'
assembling startup_stm32f40_41xxx.s...
compiling led.c...
compiling delay.c...
compiling key.c...
compiling misc.c...
compiling usart.c...
compiling stm32f4xx_it.c...
compiling system_stm32f4xx.c...
compiling stm32f4xx_gpio.c...
compiling stm32f4xx_usart.c...
compiling stm32f4xx_rcc.c...
compiling main.c...
compiling los_sys.c...
compiling los_event.c...
compiling los_timeslice.c...
compiling los_priqueue.c...
compiling los_tick.c...
compiling los_mux.c...
compiling los_swtmr.c...
compiling los_sem.c...
compiling los_queue.c...
compiling los_task.c...
compiling cmsis_liteos.c...
compiling los_heap.c...
compiling los_slabmem.c...
compiling los_membox.c...
compiling los_misc.c...
compiling los_memcheck.c...
compiling los_slab.c...
compiling los_memory.c...
compiling los_tickless.c...
compiling los_memstat.c...
compiling los_err.c...
compiling los_init.c...
assembling los_dispatch_keil.S...
compiling los_hwi.c...
compiling los_hw_tick.c...
compiling los_hw.c...
linking...
Program Size: Code=10768 RO-data=424 RW-data=216 ZI-data=8536  
FromELF: creating hex file...
".\Objects\STM32F429.axf" - 0 Error(s), 0 Warning(s).

<h2>Software Packages used:</h2>

Package Vendor: Keil
                http://www.keil.com/pack/Keil.STM32F4xx_DFP.2.13.0.pack
                Keil.STM32F4xx_DFP.2.13.0
                STMicroelectronics STM32F4 Series Device Support, Drivers and Examples

<h2>Collection of Component include folders:</h2>
  .\RTE\_KEY_LED
  D:\Keil_v5\ARM\PACK\Keil\STM32F4xx_DFP\2.13.0\Drivers\CMSIS\Device\ST\STM32F4xx\Include

<h2>Collection of Component Files used:</h2>
Build Time Elapsed:  00:00:06
</pre>
</body>
</html>
