Component: ARM Compiler 5.06 update 6 (build 750) Tool: armlink [4d35ed]

==============================================================================

Section Cross References

    main.o(i.creat_task1) refers to los_task.o(i.LOS_TaskCreate) for LOS_TaskCreate
    main.o(i.creat_task1) refers to main.o(i.task1) for task1
    main.o(i.creat_task2) refers to los_task.o(i.LOS_TaskCreate) for LOS_TaskCreate
    main.o(i.creat_task2) refers to main.o(i.task2) for task2
    main.o(i.main) refers to los_init.o(i.LOS_KernelInit) for LOS_KernelInit
    main.o(i.main) refers to delay.o(i.Delay_Init) for Delay_Init
    main.o(i.main) refers to usart.o(i.Usart_Config) for Usart_Config
    main.o(i.main) refers to led.o(i.LED_Init) for LED_Init
    main.o(i.main) refers to main.o(i.creat_task1) for creat_task1
    main.o(i.main) refers to main.o(i.creat_task2) for creat_task2
    main.o(i.main) refers to los_init.o(i.LOS_Start) for LOS_Start
    main.o(i.task1) refers to printf8.o(i.__0printf$8) for __2printf
    main.o(i.task1) refers to los_task.o(i.LOS_TaskDelay) for LOS_TaskDelay
    main.o(i.task2) refers to printf8.o(i.__0printf$8) for __2printf
    main.o(i.task2) refers to los_task.o(i.LOS_TaskDelay) for LOS_TaskDelay
    led.o(i.LED_Init) refers to stm32f4xx_rcc.o(i.RCC_AHB1PeriphClockCmd) for RCC_AHB1PeriphClockCmd
    led.o(i.LED_Init) refers to stm32f4xx_gpio.o(i.GPIO_Init) for GPIO_Init
    led.o(i.LED_Init) refers to stm32f4xx_gpio.o(i.GPIO_ResetBits) for GPIO_ResetBits
    delay.o(i.Delay_Init) refers to system_stm32f4xx.o(.data) for SystemCoreClock
    delay.o(i.Delay_ms) refers to delay.o(.data) for TimingDelay
    delay.o(i.TimingDelay_Decrement) refers to delay.o(.data) for TimingDelay
    key.o(i.KEY_Init) refers to stm32f4xx_rcc.o(i.RCC_AHB1PeriphClockCmd) for RCC_AHB1PeriphClockCmd
    key.o(i.KEY_Init) refers to stm32f4xx_gpio.o(i.GPIO_Init) for GPIO_Init
    key.o(i.KEY_Scan) refers to stm32f4xx_gpio.o(i.GPIO_ReadInputDataBit) for GPIO_ReadInputDataBit
    key.o(i.KEY_Scan) refers to delay.o(i.Delay_ms) for Delay_ms
    usart.o(i.USART_GPIO_Config) refers to stm32f4xx_rcc.o(i.RCC_AHB1PeriphClockCmd) for RCC_AHB1PeriphClockCmd
    usart.o(i.USART_GPIO_Config) refers to stm32f4xx_gpio.o(i.GPIO_Init) for GPIO_Init
    usart.o(i.USART_GPIO_Config) refers to stm32f4xx_gpio.o(i.GPIO_PinAFConfig) for GPIO_PinAFConfig
    usart.o(i.Usart_Config) refers to stm32f4xx_rcc.o(i.RCC_APB2PeriphClockCmd) for RCC_APB2PeriphClockCmd
    usart.o(i.Usart_Config) refers to usart.o(i.USART_GPIO_Config) for USART_GPIO_Config
    usart.o(i.Usart_Config) refers to stm32f4xx_usart.o(i.USART_Init) for USART_Init
    usart.o(i.Usart_Config) refers to stm32f4xx_usart.o(i.USART_Cmd) for USART_Cmd
    usart.o(i.fputc) refers to stm32f4xx_usart.o(i.USART_SendData) for USART_SendData
    usart.o(i.fputc) refers to stm32f4xx_usart.o(i.USART_GetFlagStatus) for USART_GetFlagStatus
    startup_stm32f40_41xxx.o(RESET) refers to startup_stm32f40_41xxx.o(STACK) for __initial_sp
    startup_stm32f40_41xxx.o(RESET) refers to startup_stm32f40_41xxx.o(.text) for Reset_Handler
    startup_stm32f40_41xxx.o(RESET) refers to stm32f4xx_it.o(i.NMI_Handler) for NMI_Handler
    startup_stm32f40_41xxx.o(RESET) refers to stm32f4xx_it.o(i.HardFault_Handler) for HardFault_Handler
    startup_stm32f40_41xxx.o(RESET) refers to stm32f4xx_it.o(i.MemManage_Handler) for MemManage_Handler
    startup_stm32f40_41xxx.o(RESET) refers to stm32f4xx_it.o(i.BusFault_Handler) for BusFault_Handler
    startup_stm32f40_41xxx.o(RESET) refers to stm32f4xx_it.o(i.UsageFault_Handler) for UsageFault_Handler
    startup_stm32f40_41xxx.o(RESET) refers to stm32f4xx_it.o(i.SVC_Handler) for SVC_Handler
    startup_stm32f40_41xxx.o(RESET) refers to stm32f4xx_it.o(i.DebugMon_Handler) for DebugMon_Handler
    startup_stm32f40_41xxx.o(RESET) refers to los_dispatch_keil.o(.text) for PendSV_Handler
    startup_stm32f40_41xxx.o(RESET) refers to los_hwi.o(i.SysTick_Handler) for SysTick_Handler
    startup_stm32f40_41xxx.o(.text) refers to system_stm32f4xx.o(i.SystemInit) for SystemInit
    startup_stm32f40_41xxx.o(.text) refers to entry.o(.ARM.Collect$$$$00000000) for __main
    system_stm32f4xx.o(i.SystemCoreClockUpdate) refers to system_stm32f4xx.o(.data) for SystemCoreClock
    system_stm32f4xx.o(i.SystemInit) refers to system_stm32f4xx.o(i.SetSysClock) for SetSysClock
    stm32f4xx_rcc.o(i.RCC_GetClocksFreq) refers to stm32f4xx_rcc.o(.data) for APBAHBPrescTable
    stm32f4xx_rcc.o(i.RCC_WaitForHSEStartUp) refers to stm32f4xx_rcc.o(i.RCC_GetFlagStatus) for RCC_GetFlagStatus
    stm32f4xx_gpio.o(i.GPIO_DeInit) refers to stm32f4xx_rcc.o(i.RCC_AHB1PeriphResetCmd) for RCC_AHB1PeriphResetCmd
    stm32f4xx_usart.o(i.USART_DeInit) refers to stm32f4xx_rcc.o(i.RCC_APB2PeriphResetCmd) for RCC_APB2PeriphResetCmd
    stm32f4xx_usart.o(i.USART_DeInit) refers to stm32f4xx_rcc.o(i.RCC_APB1PeriphResetCmd) for RCC_APB1PeriphResetCmd
[...]
    Removing cmsis_liteos.o(i.osKernelGetTick2ms), (26 bytes).
    Removing cmsis_liteos.o(i.osKernelGetTickCount), (40 bytes).
    Removing cmsis_liteos.o(i.osKernelGetTickFreq), (20 bytes).
    Removing cmsis_liteos.o(i.osKernelInitialize), (52 bytes).
    Removing cmsis_liteos.o(i.osKernelLock), (56 bytes).
    Removing cmsis_liteos.o(i.osKernelRestoreLock), (80 bytes).
    Removing cmsis_liteos.o(i.osKernelStart), (56 bytes).
    Removing cmsis_liteos.o(i.osKernelUnlock), (68 bytes).
    Removing cmsis_liteos.o(i.osMessageQueueDelete), (68 bytes).
    Removing cmsis_liteos.o(i.osMessageQueueGet), (112 bytes).
    Removing cmsis_liteos.o(i.osMessageQueueGetCapacity), (14 bytes).
    Removing cmsis_liteos.o(i.osMessageQueueGetCount), (34 bytes).
    Removing cmsis_liteos.o(i.osMessageQueueGetMsgSize), (16 bytes).
    Removing cmsis_liteos.o(i.osMessageQueueGetSpace), (34 bytes).
    Removing cmsis_liteos.o(i.osMessageQueueNew), (80 bytes).
    Removing cmsis_liteos.o(i.osMessageQueuePut), (112 bytes).
    Removing cmsis_liteos.o(i.osMs2Tick), (28 bytes).
    Removing cmsis_liteos.o(i.osSemaphoreAcquire), (96 bytes).
    Removing cmsis_liteos.o(i.osSemaphoreDelete), (60 bytes).
    Removing cmsis_liteos.o(i.osSemaphoreGetCount), (38 bytes).
    Removing cmsis_liteos.o(i.osSemaphoreNew), (72 bytes).
    Removing cmsis_liteos.o(i.osSemaphoreRelease), (48 bytes).
    Removing cmsis_liteos.o(i.osTaskStackWaterMarkGet), (96 bytes).
    Removing cmsis_liteos.o(i.osThreadGetCount), (60 bytes).
    Removing cmsis_liteos.o(i.osThreadGetId), (24 bytes).
    Removing cmsis_liteos.o(i.osThreadGetName), (24 bytes).
    Removing cmsis_liteos.o(i.osThreadGetPriority), (54 bytes).
    Removing cmsis_liteos.o(i.osThreadGetStackSize), (24 bytes).
    Removing cmsis_liteos.o(i.osThreadGetStackSpace), (28 bytes).
    Removing cmsis_liteos.o(i.osThreadGetState), (78 bytes).
    Removing cmsis_liteos.o(i.osThreadNew), (128 bytes).
    Removing cmsis_liteos.o(i.osThreadResume), (70 bytes).
    Removing cmsis_liteos.o(i.osThreadSetPriority), (114 bytes).
    Removing cmsis_liteos.o(i.osThreadSuspend), (108 bytes).
    Removing cmsis_liteos.o(i.osThreadTerminate), (76 bytes).
    Removing cmsis_liteos.o(i.osThreadYield), (32 bytes).
    Removing cmsis_liteos.o(i.osTimerDelete), (64 bytes).
    Removing cmsis_liteos.o(i.osTimerGetName), (10 bytes).
    Removing cmsis_liteos.o(i.osTimerIsRunning), (30 bytes).
    Removing cmsis_liteos.o(i.osTimerNew), (100 bytes).
    Removing cmsis_liteos.o(i.osTimerStart), (68 bytes).
    Removing cmsis_liteos.o(i.osTimerStop), (64 bytes).
    Removing cmsis_liteos.o(.constdata), (8 bytes).
    Removing cmsis_liteos.o(.data), (4 bytes).
    Removing los_priqueue.o(.rev16_text), (4 bytes).
    Removing los_priqueue.o(.revsh_text), (4 bytes).
    Removing los_priqueue.o(.rrx_text), (6 bytes).
    Removing los_priqueue.o(i.osPriqueueTotalSize), (28 bytes).
    Removing los_swtmr.o(.rev16_text), (4 bytes).
    Removing los_swtmr.o(.revsh_text), (4 bytes).
    Removing los_swtmr.o(.rrx_text), (6 bytes).
    Removing los_swtmr.o(i.LOS_SwtmrCreate), (140 bytes).
    Removing los_swtmr.o(i.LOS_SwtmrDelete), (136 bytes).
    Removing los_swtmr.o(i.LOS_SwtmrStart), (136 bytes).
    Removing los_swtmr.o(i.LOS_SwtmrStop), (132 bytes).
    Removing los_swtmr.o(i.LOS_SwtmrTimeGet), (160 bytes).
    Removing los_swtmr.o(i.osSwTmrAdjust), (64 bytes).
    Removing los_swtmr.o(i.osSwtmrStop), (76 bytes).
    Removing los_swtmr.o(i.osSwtmrTimeGet), (36 bytes).
    Removing los_sys.o(.rev16_text), (4 bytes).
    Removing los_sys.o(.revsh_text), (4 bytes).
    Removing los_sys.o(.rrx_text), (6 bytes).
    Removing los_sys.o(i.LOS_CyclePerTickGet), (20 bytes).
    Removing los_sys.o(i.LOS_MS2Tick), (40 bytes).
    Removing los_sys.o(i.LOS_Tick2MS), (28 bytes).
    Removing los_sys.o(i.osCpuTick2MS), (128 bytes).
    Removing los_sys.o(i.osCpuTick2US), (128 bytes).
    Removing los_task.o(.rev16_text), (4 bytes).
    Removing los_task.o(.revsh_text), (4 bytes).
    Removing los_task.o(.rrx_text), (6 bytes).
    Removing los_task.o(i.LOS_CurTaskIDGet), (28 bytes).
    Removing los_task.o(i.LOS_CurTaskNameGet), (20 bytes).
    Removing los_task.o(i.LOS_CurTaskPriSet), (28 bytes).
    Removing los_task.o(i.LOS_NewTaskIDGet), (28 bytes).
    Removing los_task.o(i.LOS_NextTaskIDGet), (28 bytes).
    Removing los_task.o(i.LOS_TaskInfoGet), (260 bytes).
    Removing los_task.o(i.LOS_TaskInfoMonitor), (12 bytes).
    Removing los_task.o(i.LOS_TaskIsRunning), (12 bytes).
    Removing los_task.o(i.LOS_TaskLock), (32 bytes).
    Removing los_task.o(i.LOS_TaskNameGet), (76 bytes).
    Removing los_task.o(i.LOS_TaskPriGet), (84 bytes).
    Removing los_task.o(i.LOS_TaskPriSet), (188 bytes).
    Removing los_task.o(i.LOS_TaskResume), (176 bytes).
    Removing los_task.o(i.LOS_TaskStatusGet), (100 bytes).
    Removing los_task.o(i.LOS_TaskSuspend), (228 bytes).
    Removing los_task.o(i.LOS_TaskSwitchInfoGet), (68 bytes).
    Removing los_task.o(i.LOS_TaskUnlock), (60 bytes).
    Removing los_task.o(i.osConvertTskStatus), (184 bytes).
    Removing los_task.o(i.osGetAllTskInfo), (276 bytes).
    Removing los_task.o(i.osGetTaskWaterLine), (216 bytes).
    Removing los_task.o(i.osTaskPriModify), (56 bytes).
    Removing los_task.o(.conststring), (336 bytes).
    Removing los_tick.o(.rev16_text), (4 bytes).
    Removing los_tick.o(.revsh_text), (4 bytes).
    Removing los_tick.o(.rrx_text), (6 bytes).
    Removing los_tick.o(i.LOS_SysClockGet), (12 bytes).
    Removing los_timeslice.o(.rev16_text), (4 bytes).
    Removing los_timeslice.o(.revsh_text), (4 bytes).
    Removing los_timeslice.o(.rrx_text), (6 bytes).
    Removing los_event.o(.rev16_text), (4 bytes).
    Removing los_event.o(.revsh_text), (4 bytes).
    Removing los_event.o(.rrx_text), (6 bytes).
    Removing los_event.o(i.LOS_EventClear), (40 bytes).
    Removing los_event.o(i.LOS_EventDestory), (60 bytes).
    Removing los_event.o(i.LOS_EventInit), (28 bytes).
    Removing los_event.o(i.LOS_EventPoll), (80 bytes).
    Removing los_event.o(i.LOS_EventRead), (268 bytes).
    Removing los_event.o(i.LOS_EventWrite), (180 bytes).
    Removing los_event.o(i.LOS_ListEmpty), (16 bytes).
    Removing los_mux.o(.rev16_text), (4 bytes).
    Removing los_mux.o(.revsh_text), (4 bytes).
    Removing los_mux.o(.rrx_text), (6 bytes).
    Removing los_queue.o(.rev16_text), (4 bytes).
    Removing los_queue.o(.revsh_text), (4 bytes).
    Removing los_queue.o(.rrx_text), (6 bytes).
    Removing los_queue.o(i.LOS_QueueDelete), (184 bytes).
    Removing los_queue.o(i.LOS_QueueInfoGet), (236 bytes).
    Removing los_queue.o(i.LOS_QueueRead), (54 bytes).
    Removing los_queue.o(i.LOS_QueueWrite), (52 bytes).
    Removing los_queue.o(i.LOS_QueueWriteHead), (40 bytes).
    Removing los_queue.o(i.LOS_QueueWriteHeadCopy), (54 bytes).
    Removing los_queue.o(i.osQueueMailAlloc), (176 bytes).
    Removing los_queue.o(i.osQueueMailFree), (164 bytes).
    Removing los_sem.o(.rev16_text), (4 bytes).
    Removing los_sem.o(.revsh_text), (4 bytes).
    Removing los_sem.o(.rrx_text), (6 bytes).
    Removing los_sem.o(i.LOS_BinarySemCreate), (18 bytes).
    Removing los_sem.o(i.LOS_ListEmpty), (16 bytes).
    Removing los_sem.o(i.LOS_SemCreate), (20 bytes).
    Removing los_sem.o(i.LOS_SemDelete), (160 bytes).
    Removing los_sem.o(i.LOS_SemPend), (380 bytes).
    Removing los_sem.o(i.LOS_SemPost), (188 bytes).
    Removing los_sem.o(i.osSemCreate), (188 bytes).
    Removing los_heap.o(.rev16_text), (4 bytes).
    Removing los_heap.o(.revsh_text), (4 bytes).
    Removing los_heap.o(.rrx_text), (6 bytes).
    Removing los_heap.o(i.osHeapGetHeapMemoryPeak), (12 bytes).
    Removing los_heap.o(i.osHeapGetMaxFreeBlkSize), (52 bytes).
    Removing los_memory.o(.rev16_text), (4 bytes).
    Removing los_memory.o(.revsh_text), (4 bytes).
    Removing los_memory.o(.rrx_text), (6 bytes).
    Removing los_memory.o(i.LOS_MemDeInit), (96 bytes).
    Removing los_memory.o(i.LOS_MemGetMaxFreeBlkSize), (26 bytes).
    Removing los_memory.o(i.LOS_MemPoolList), (32 bytes).
    Removing los_memory.o(i.LOS_MemRealloc), (140 bytes).
    Removing los_memory.o(i.LOS_MemStatisticsGet), (50 bytes).
    Removing los_memory.o(i.osSlabCtrlHdrGet), (6 bytes).
    Removing los_memcheck.o(.rev16_text), (4 bytes).
    Removing los_memcheck.o(.revsh_text), (4 bytes).
    Removing los_memcheck.o(.rrx_text), (6 bytes).
    Removing los_memcheck.o(.data), (4 bytes).
    Removing los_memstat.o(.rev16_text), (4 bytes).
    Removing los_memstat.o(.revsh_text), (4 bytes).
    Removing los_memstat.o(.rrx_text), (6 bytes).
    Removing los_slab.o(.rev16_text), (4 bytes).
    Removing los_slab.o(.revsh_text), (4 bytes).
    Removing los_slab.o(.rrx_text), (6 bytes).
    Removing los_slab.o(i.osAtomicBitsetClearBit), (36 bytes).
    Removing los_slab.o(i.osAtomicBitsetEmpty), (70 bytes).
    Removing los_slab.o(i.osAtomicBitsetFindClearAndSet), (80 bytes).
    Removing los_slab.o(i.osAtomicBitsetGetBit), (42 bytes).
    Removing los_slab.o(i.osAtomicBitsetIdxChgToNatural), (42 bytes).
    Removing los_slab.o(i.osAtomicBitsetInit), (46 bytes).
    Removing los_slab.o(i.osSlabAllocatorAlloc), (30 bytes).
    Removing los_slab.o(i.osSlabAllocatorCheck), (64 bytes).
    Removing los_slab.o(i.osSlabAllocatorDestroy), (16 bytes).
    Removing los_slab.o(i.osSlabAllocatorEmpty), (12 bytes).
    Removing los_slab.o(i.osSlabAllocatorFree), (72 bytes).
    Removing los_slab.o(i.osSlabAllocatorGetIdxP), (12 bytes).
    Removing los_slab.o(i.osSlabAllocatorGetIndex), (66 bytes).
    Removing los_slab.o(i.osSlabAllocatorGetNth), (30 bytes).
    Removing los_slab.o(i.osSlabAllocatorGetNumItems), (12 bytes).
    Removing los_slab.o(i.osSlabAllocatorGetSlabInfo), (36 bytes).
    Removing los_slab.o(i.osSlabAllocatorGetUsedItemCnt), (36 bytes).
    Removing los_slab.o(i.osSlabAllocatorNew), (92 bytes).
    Removing los_slabmem.o(.rev16_text), (4 bytes).
    Removing los_slabmem.o(.revsh_text), (4 bytes).
    Removing los_slabmem.o(.rrx_text), (6 bytes).
    Removing los_slabmem.o(i.osSlabBlockHeadFill), (18 bytes).
    Removing los_slabmem.o(i.osSlabGetMaxFreeBlkSize), (68 bytes).
    Removing los_slabmem.o(i.osSlabMemAlloc), (160 bytes).
    Removing los_slabmem.o(i.osSlabMemCheck), (100 bytes).
    Removing los_slabmem.o(i.osSlabMemDeinit), (92 bytes).
    Removing los_slabmem.o(i.osSlabMemFree), (116 bytes).
    Removing los_slabmem.o(i.osSlabMemInit), (108 bytes).
    Removing los_slabmem.o(i.osSlabStatisticsGet), (152 bytes).
    Removing los_membox.o(.rev16_text), (4 bytes).
    Removing los_membox.o(.revsh_text), (4 bytes).
    Removing los_membox.o(.rrx_text), (6 bytes).
    Removing los_membox.o(i.LOS_MemboxAlloc), (72 bytes).
    Removing los_membox.o(i.LOS_MemboxClr), (28 bytes).
    Removing los_membox.o(i.LOS_MemboxFree), (168 bytes).
    Removing los_membox.o(i.LOS_MemboxInit), (134 bytes).
    Removing los_membox.o(i.LOS_MemboxStatisticsGet), (32 bytes).
    Removing los_misc.o(.rev16_text), (4 bytes).
    Removing los_misc.o(.revsh_text), (4 bytes).
    Removing los_misc.o(.rrx_text), (6 bytes).
    Removing los_misc.o(i.LOS_Msleep), (42 bytes).
    Removing los_err.o(.rev16_text), (4 bytes).
    Removing los_err.o(.revsh_text), (4 bytes).
    Removing los_err.o(.rrx_text), (6 bytes).
    Removing los_err.o(i.LOS_ErrHandle), (68 bytes).
    Removing los_err.o(.data), (4 bytes).
    Removing los_tickless.o(.rev16_text), (4 bytes).
    Removing los_tickless.o(.revsh_text), (4 bytes).
    Removing los_tickless.o(.rrx_text), (6 bytes).
    Removing los_init.o(.rev16_text), (4 bytes).
    Removing los_init.o(.revsh_text), (4 bytes).
    Removing los_init.o(.rrx_text), (6 bytes).
    Removing los_init.o(i.LOS_Reboot), (8 bytes).
    Removing los_init.o(i.osEnableFPU), (20 bytes).
    Removing los_hw.o(.rev16_text), (4 bytes).
    Removing los_hw.o(.revsh_text), (4 bytes).
    Removing los_hw.o(.rrx_text), (6 bytes).
    Removing los_hw.o(i.osEnterSleep), (36 bytes).
    Removing los_hw_tick.o(.rev16_text), (4 bytes).
    Removing los_hw_tick.o(.revsh_text), (4 bytes).
    Removing los_hw_tick.o(.rrx_text), (6 bytes).
    Removing los_hw_tick.o(i.LOS_GetCpuCycle), (112 bytes).
    Removing los_hw_tick.o(i.LOS_GetSystickCycle), (104 bytes).
    Removing los_hw_tick.o(i.LOS_SysTickCurrCycleGet), (56 bytes).
    Removing los_hwi.o(.rev16_text), (4 bytes).
    Removing los_hwi.o(.revsh_text), (4 bytes).
    Removing los_hwi.o(.rrx_text), (6 bytes).
    Removing ddiv.o(.text), (222 bytes).
    Removing dfltui.o(.text), (26 bytes).
    Removing dfltul.o(.text), (24 bytes).
    Removing dfixul.o(.text), (48 bytes).
    Removing depilogue.o(.text), (186 bytes).
    Removing dadd.o(.text), (334 bytes).
    Removing dmul.o(.text), (228 bytes).
    Removing cdrcmple.o(.text), (48 bytes).
    Removing los_slab.o(i.osAtomicBitsetGetNumBits), (6 bytes).

380 unused section(s) (total 17848 bytes) removed from the image.

==============================================================================

Image Symbol Table

    Local Symbols

    Symbol Name                              Value     Ov Type        Size  Object(Section)

    ../clib/microlib/division.c              0x00000000   Number         0  uldiv.o ABSOLUTE
    ../clib/microlib/division.c              0x00000000   Number         0  uidiv.o ABSOLUTE
    ../clib/microlib/init/entry.s            0x00000000   Number         0  entry7a.o ABSOLUTE
    ../clib/microlib/init/entry.s            0x00000000   Number         0  entry2.o ABSOLUTE
    ../clib/microlib/init/entry.s            0x00000000   Number         0  entry10a.o ABSOLUTE
    ../clib/microlib/init/entry.s            0x00000000   Number         0  entry9b.o ABSOLUTE
    ../clib/microlib/init/entry.s            0x00000000   Number         0  entry11b.o ABSOLUTE
    ../clib/microlib/init/entry.s            0x00000000   Number         0  entry9a.o ABSOLUTE
    ../clib/microlib/init/entry.s            0x00000000   Number         0  entry8b.o ABSOLUTE
    ../clib/microlib/init/entry.s            0x00000000   Number         0  entry8a.o ABSOLUTE
    ../clib/microlib/init/entry.s            0x00000000   Number         0  entry7b.o ABSOLUTE
    ../clib/microlib/init/entry.s            0x00000000   Number         0  entry5.o ABSOLUTE
    ../clib/microlib/init/entry.s            0x00000000   Number         0  entry10b.o ABSOLUTE
    ../clib/microlib/init/entry.s            0x00000000   Number         0  entry11a.o ABSOLUTE
    ../clib/microlib/init/entry.s            0x00000000   Number         0  entry.o ABSOLUTE
    ../clib/microlib/longlong.c              0x00000000   Number         0  llushr.o ABSOLUTE
    ../clib/microlib/longlong.c              0x00000000   Number         0  llshl.o ABSOLUTE
    ../clib/microlib/longlong.c              0x00000000   Number         0  llsshr.o ABSOLUTE
    ../clib/microlib/printf/printf.c         0x00000000   Number         0  printf8.o ABSOLUTE
    ../clib/microlib/printf/printf.c         0x00000000   Number         0  printf0.o ABSOLUTE
    ../clib/microlib/printf/printf.c         0x00000000   Number         0  printfb.o ABSOLUTE
    ../clib/microlib/printf/printf.c         0x00000000   Number         0  printf7.o ABSOLUTE
    ../clib/microlib/printf/printf.c         0x00000000   Number         0  printf6.o ABSOLUTE
    ../clib/microlib/printf/printf.c         0x00000000   Number         0  printf5.o ABSOLUTE
    ../clib/microlib/printf/printf.c         0x00000000   Number         0  printf4.o ABSOLUTE
    ../clib/microlib/printf/printf.c         0x00000000   Number         0  printf3.o ABSOLUTE
    ../clib/microlib/printf/printf.c         0x00000000   Number         0  printf2.o ABSOLUTE
    ../clib/microlib/printf/printf.c         0x00000000   Number         0  printf1.o ABSOLUTE
    ../clib/microlib/printf/printf.c         0x00000000   Number         0  printfa.o ABSOLUTE
    ../clib/microlib/printf/stubs.s          0x00000000   Number         0  stubs.o ABSOLUTE
    ../clib/microlib/stdio/streams.c         0x00000000   Number         0  stdout.o ABSOLUTE
    ../clib/microlib/string/memcpy.c         0x00000000   Number         0  memcpyb.o ABSOLUTE
    ../clib/microlib/string/memcpy.c         0x00000000   Number         0  memcpya.o ABSOLUTE
    ../clib/microlib/string/memset.c         0x00000000   Number         0  memseta.o ABSOLUTE
    ../clib/microlib/string/strncpy.c        0x00000000   Number         0  strncpy.o ABSOLUTE
    ../clib/microlib/stubs.s                 0x00000000   Number         0  iusefp.o ABSOLUTE
    ../fplib/microlib/fpadd.c                0x00000000   Number         0  dadd.o ABSOLUTE
    ../fplib/microlib/fpdiv.c                0x00000000   Number         0  ddiv.o ABSOLUTE
    ../fplib/microlib/fpepilogue.c           0x00000000   Number         0  depilogue.o ABSOLUTE
    ../fplib/microlib/fpfix.c                0x00000000   Number         0  dfixul.o ABSOLUTE
    ../fplib/microlib/fpflt.c                0x00000000   Number         0  dfltul.o ABSOLUTE
    ../fplib/microlib/fpflt.c                0x00000000   Number         0  dfltui.o ABSOLUTE
    ../fplib/microlib/fpmul.c                0x00000000   Number         0  dmul.o ABSOLUTE
    ..\..\..\arch\arm\arm-m\cortex-m4\keil\los_dispatch_keil.S 0x00000000   Number         0  los_dispatch_keil.o ABSOLUTE
    ..\..\..\arch\arm\arm-m\src\los_hw.c     0x00000000   Number         0  los_hw.o ABSOLUTE
    ..\..\..\arch\arm\arm-m\src\los_hw_tick.c 0x00000000   Number         0  los_hw_tick.o ABSOLUTE
    ..\..\..\arch\arm\arm-m\src\los_hwi.c    0x00000000   Number         0  los_hwi.o ABSOLUTE
    ..\..\..\kernel\base\core\los_priqueue.c 0x00000000   Number         0  los_priqueue.o ABSOLUTE
    ..\..\..\kernel\base\core\los_swtmr.c    0x00000000   Number         0  los_swtmr.o ABSOLUTE
    ..\..\..\kernel\base\core\los_sys.c      0x00000000   Number         0  los_sys.o ABSOLUTE
    ..\..\..\kernel\base\core\los_task.c     0x00000000   Number         0  los_task.o ABSOLUTE
    ..\..\..\kernel\base\core\los_tick.c     0x00000000   Number         0  los_tick.o ABSOLUTE
    ..\..\..\kernel\base\core\los_timeslice.c 0x00000000   Number         0  los_timeslice.o ABSOLUTE
    ..\..\..\kernel\base\ipc\los_event.c     0x00000000   Number         0  los_event.o ABSOLUTE
    ..\..\..\kernel\base\ipc\los_mux.c       0x00000000   Number         0  los_mux.o ABSOLUTE
    ..\..\..\kernel\base\ipc\los_queue.c     0x00000000   Number         0  los_queue.o ABSOLUTE
    ..\..\..\kernel\base\ipc\los_sem.c       0x00000000   Number         0  los_sem.o ABSOLUTE
    ..\..\..\kernel\base\mem\bestfit_little\los_heap.c 0x00000000   Number         0  los_heap.o ABSOLUTE
    ..\..\..\kernel\base\mem\bestfit_little\los_memory.c 0x00000000   Number         0  los_memory.o ABSOLUTE
    ..\..\..\kernel\base\mem\common\los_memcheck.c 0x00000000   Number         0  los_memcheck.o ABSOLUTE
    ..\..\..\kernel\base\mem\common\los_memstat.c 0x00000000   Number         0  los_memstat.o ABSOLUTE
    ..\..\..\kernel\base\mem\common\los_slab.c 0x00000000   Number         0  los_slab.o ABSOLUTE
    ..\..\..\kernel\base\mem\common\los_slabmem.c 0x00000000   Number         0  los_slabmem.o ABSOLUTE
    ..\..\..\kernel\base\mem\membox\los_membox.c 0x00000000   Number         0  los_membox.o ABSOLUTE
    ..\..\..\kernel\base\misc\los_misc.c     0x00000000   Number         0  los_misc.o ABSOLUTE
    ..\..\..\kernel\base\om\los_err.c        0x00000000   Number         0  los_err.o ABSOLUTE
    ..\..\..\kernel\extended\tickless\los_tickless.c 0x00000000   Number         0  los_tickless.o ABSOLUTE
    ..\..\..\kernel\los_init.c               0x00000000   Number         0  los_init.o ABSOLUTE
    ..\..\..\osdepends\liteos\cmsis\cmsis_liteos.c 0x00000000   Number         0  cmsis_liteos.o ABSOLUTE
    ..\Drive\Source\delay.c                  0x00000000   Number         0  delay.o ABSOLUTE
    ..\Drive\Source\key.c                    0x00000000   Number         0  key.o ABSOLUTE
    ..\Drive\Source\led.c                    0x00000000   Number         0  led.o ABSOLUTE
    ..\Drive\Source\usart.c                  0x00000000   Number         0  usart.o ABSOLUTE
    ..\MY\main.c                             0x00000000   Number         0  main.o ABSOLUTE
    ..\MY\stm32f4xx_it.c                     0x00000000   Number         0  stm32f4xx_it.o ABSOLUTE
    ..\STM32\CMSIS\Device\ST\STM32F4xx\Source\Templates\arm\startup_stm32f40_41xxx.s 0x00000000   Number         0  startup_stm32f40_41xxx.o ABSOLUTE
    ..\STM32\CMSIS\Device\ST\STM32F4xx\Source\Templates\system_stm32f4xx.c 0x00000000   Number         0  system_stm32f4xx.o ABSOLUTE
    ..\STM32\STM32F4xx_StdPeriph_Driver\src\misc.c 0x00000000   Number         0  misc.o ABSOLUTE
    ..\STM32\STM32F4xx_StdPeriph_Driver\src\stm32f4xx_gpio.c 0x00000000   Number         0  stm32f4xx_gpio.o ABSOLUTE
    ..\STM32\STM32F4xx_StdPeriph_Driver\src\stm32f4xx_rcc.c 0x00000000   Number         0  stm32f4xx_rcc.o ABSOLUTE
    ..\STM32\STM32F4xx_StdPeriph_Driver\src\stm32f4xx_usart.c 0x00000000   Number         0  stm32f4xx_usart.o ABSOLUTE
    ..\\..\\..\\arch\\arm\\arm-m\\src\\los_hw.c 0x00000000   Number         0  los_hw.o ABSOLUTE
    ..\\..\\..\\arch\\arm\\arm-m\\src\\los_hw_tick.c 0x00000000   Number         0  los_hw_tick.o ABSOLUTE
    ..\\..\\..\\arch\\arm\\arm-m\\src\\los_hwi.c 0x00000000   Number         0  los_hwi.o ABSOLUTE
    ..\\..\\..\\kernel\\base\\core\\los_priqueue.c 0x00000000   Number         0  los_priqueue.o ABSOLUTE
    ..\\..\\..\\kernel\\base\\core\\los_swtmr.c 0x00000000   Number         0  los_swtmr.o ABSOLUTE
    ..\\..\\..\\kernel\\base\\core\\los_sys.c 0x00000000   Number         0  los_sys.o ABSOLUTE
    ..\\..\\..\\kernel\\base\\core\\los_task.c 0x00000000   Number         0  los_task.o ABSOLUTE
    ..\\..\\..\\kernel\\base\\core\\los_tick.c 0x00000000   Number         0  los_tick.o ABSOLUTE
    ..\\..\\..\\kernel\\base\\core\\los_timeslice.c 0x00000000   Number         0  los_timeslice.o ABSOLUTE
    ..\\..\\..\\kernel\\base\\ipc\\los_event.c 0x00000000   Number         0  los_event.o ABSOLUTE
    ..\\..\\..\\kernel\\base\\ipc\\los_mux.c 0x00000000   Number         0  los_mux.o ABSOLUTE
    ..\\..\\..\\kernel\\base\\ipc\\los_queue.c 0x00000000   Number         0  los_queue.o ABSOLUTE
    ..\\..\\..\\kernel\\base\\ipc\\los_sem.c 0x00000000   Number         0  los_sem.o ABSOLUTE
    ..\\..\\..\\kernel\\base\\mem\\bestfit_little\\los_heap.c 0x00000000   Number         0  los_heap.o ABSOLUTE
    ..\\..\\..\\kernel\\base\\mem\\bestfit_little\\los_memory.c 0x00000000   Number         0  los_memory.o ABSOLUTE
    ..\\..\\..\\kernel\\base\\mem\\common\\los_memcheck.c 0x00000000   Number         0  los_memcheck.o ABSOLUTE
    ..\\..\\..\\kernel\\base\\mem\\common\\los_memstat.c 0x00000000   Number         0  los_memstat.o ABSOLUTE
    ..\\..\\..\\kernel\\base\\mem\\common\\los_slab.c 0x00000000   Number         0  los_slab.o ABSOLUTE
    ..\\..\\..\\kernel\\base\\mem\\common\\los_slabmem.c 0x00000000   Number         0  los_slabmem.o ABSOLUTE
    ..\\..\\..\\kernel\\base\\mem\\membox\\los_membox.c 0x00000000   Number         0  los_membox.o ABSOLUTE
    ..\\..\\..\\kernel\\base\\misc\\los_misc.c 0x00000000   Number         0  los_misc.o ABSOLUTE
    ..\\..\\..\\kernel\\base\\om\\los_err.c  0x00000000   Number         0  los_err.o ABSOLUTE
    ..\\..\\..\\kernel\\extended\\tickless\\los_tickless.c 0x00000000   Number         0  los_tickless.o ABSOLUTE
    ..\\..\\..\\kernel\\los_init.c           0x00000000   Number         0  los_init.o ABSOLUTE
    ..\\..\\..\\osdepends\\liteos\\cmsis\\cmsis_liteos.c 0x00000000   Number         0  cmsis_liteos.o ABSOLUTE
    ..\\Drive\\Source\\delay.c               0x00000000   Number         0  delay.o ABSOLUTE
    ..\\Drive\\Source\\key.c                 0x00000000   Number         0  key.o ABSOLUTE
    ..\\Drive\\Source\\led.c                 0x00000000   Number         0  led.o ABSOLUTE
    ..\\Drive\\Source\\usart.c               0x00000000   Number         0  usart.o ABSOLUTE
    ..\\MY\\main.c                           0x00000000   Number         0  main.o ABSOLUTE
    ..\\MY\\stm32f4xx_it.c                   0x00000000   Number         0  stm32f4xx_it.o ABSOLUTE
    ..\\STM32\\CMSIS\\Device\\ST\\STM32F4xx\\Source\\Templates\\system_stm32f4xx.c 0x00000000   Number         0  system_stm32f4xx.o ABSOLUTE
    ..\\STM32\\STM32F4xx_StdPeriph_Driver\\src\\misc.c 0x00000000   Number         0  misc.o ABSOLUTE
    ..\\STM32\\STM32F4xx_StdPeriph_Driver\\src\\stm32f4xx_gpio.c 0x00000000   Number         0  stm32f4xx_gpio.o ABSOLUTE
    ..\\STM32\\STM32F4xx_StdPeriph_Driver\\src\\stm32f4xx_rcc.c 0x00000000   Number         0  stm32f4xx_rcc.o ABSOLUTE
    ..\\STM32\\STM32F4xx_StdPeriph_Driver\\src\\stm32f4xx_usart.c 0x00000000   Number         0  stm32f4xx_usart.o ABSOLUTE
    cdrcmple.s                               0x00000000   Number         0  cdrcmple.o ABSOLUTE
    dc.s                                     0x00000000   Number         0  dc.o ABSOLUTE
    handlers.s                               0x00000000   Number         0  handlers.o ABSOLUTE
    init.s                                   0x00000000   Number         0  init.o ABSOLUTE
    RESET                                    0x08000000   Section      392  startup_stm32f40_41xxx.o(RESET)
    .ARM.Collect$$$$00000000                 0x08000188   Section        0  entry.o(.ARM.Collect$$$$00000000)
    .ARM.Collect$$$$00000001                 0x08000188   Section        4  entry2.o(.ARM.Collect$$$$00000001)
    .ARM.Collect$$$$00000004                 0x0800018c   Section        4  entry5.o(.ARM.Collect$$$$00000004)
    .ARM.Collect$$$$00000008                 0x08000190   Section        0  entry7b.o(.ARM.Collect$$$$00000008)
    .ARM.Collect$$$$0000000A                 0x08000190   Section        0  entry8b.o(.ARM.Collect$$$$0000000A)
    .ARM.Collect$$$$0000000B                 0x08000190   Section        8  entry9a.o(.ARM.Collect$$$$0000000B)
    .ARM.Collect$$$$0000000D                 0x08000198   Section        0  entry10a.o(.ARM.Collect$$$$0000000D)
    .ARM.Collect$$$$0000000F                 0x08000198   Section        0  entry11a.o(.ARM.Collect$$$$0000000F)
    .ARM.Collect$$$$00002712                 0x08000198   Section        4  entry2.o(.ARM.Collect$$$$00002712)
    __lit__00000000                          0x08000198   Data           4  entry2.o(.ARM.Collect$$$$00002712)
    .text                                    0x0800019c   Section       36  startup_stm32f40_41xxx.o(.text)
    $v0                                      0x0800019c   Number         0  startup_stm32f40_41xxx.o(.text)
    .text                                    0x080001c0   Section      236  los_dispatch_keil.o(.text)
    $v0                                      0x080001c0   Number         0  los_dispatch_keil.o(.text)
    .text                                    0x080002ac   Section        0  uldiv.o(.text)
    .text                                    0x0800030e   Section        0  memcpya.o(.text)
    .text                                    0x08000332   Section        0  memseta.o(.text)
    .text                                    0x08000356   Section        0  llshl.o(.text)
    .text                                    0x08000374   Section        0  llushr.o(.text)
    .text                                    0x08000394   Section       36  init.o(.text)
    i.BusFault_Handler                       0x080003b8   Section        0  stm32f4xx_it.o(i.BusFault_Handler)
    i.DebugMon_Handler                       0x080003bc   Section        0  stm32f4xx_it.o(i.DebugMon_Handler)
    i.Delay_Init                             0x080003c0   Section        0  delay.o(i.Delay_Init)
    i.GPIO_Init                              0x08000420   Section        0  stm32f4xx_gpio.o(i.GPIO_Init)
    i.GPIO_PinAFConfig                       0x080004b0   Section        0  stm32f4xx_gpio.o(i.GPIO_PinAFConfig)
    i.GPIO_ResetBits                         0x080004f6   Section        0  stm32f4xx_gpio.o(i.GPIO_ResetBits)
    i.HardFault_Handler                      0x080004fa   Section        0  stm32f4xx_it.o(i.HardFault_Handler)
    i.LED_Init                               0x08000500   Section        0  led.o(i.LED_Init)
    i.LOS_Align                              0x08000540   Section        0  los_misc.o(i.LOS_Align)
    i.LOS_KernelInit                         0x0800055c   Section        0  los_init.o(i.LOS_KernelInit)
    i.LOS_ListAdd                            0x08000664   Section        0  los_task.o(i.LOS_ListAdd)
    LOS_ListAdd                              0x08000665   Thumb Code    14  los_task.o(i.LOS_ListAdd)
    i.LOS_ListAdd                            0x08000672   Section        0  los_queue.o(i.LOS_ListAdd)
    LOS_ListAdd                              0x08000673   Thumb Code    14  los_queue.o(i.LOS_ListAdd)
    i.LOS_ListAdd                            0x08000680   Section        0  los_sem.o(i.LOS_ListAdd)
    LOS_ListAdd                              0x08000681   Thumb Code    14  los_sem.o(i.LOS_ListAdd)
    i.LOS_ListDelete                         0x0800068e   Section        0  los_task.o(i.LOS_ListDelete)
    LOS_ListDelete                           0x0800068f   Thumb Code    20  los_task.o(i.LOS_ListDelete)
    i.LOS_ListEmpty                          0x080006a2   Section        0  los_priqueue.o(i.LOS_ListEmpty)
    LOS_ListEmpty                            0x080006a3   Thumb Code    16  los_priqueue.o(i.LOS_ListEmpty)
    i.LOS_ListEmpty                          0x080006b2   Section        0  los_task.o(i.LOS_ListEmpty)
    LOS_ListEmpty                            0x080006b3   Thumb Code    16  los_task.o(i.LOS_ListEmpty)
    i.LOS_ListEmpty                          0x080006c2   Section        0  los_queue.o(i.LOS_ListEmpty)
    LOS_ListEmpty                            0x080006c3   Thumb Code    16  los_queue.o(i.LOS_ListEmpty)
    i.LOS_ListInit                           0x080006d2   Section        0  los_task.o(i.LOS_ListInit)
    LOS_ListInit                             0x080006d3   Thumb Code     6  los_task.o(i.LOS_ListInit)
    i.LOS_ListInit                           0x080006d8   Section        0  los_queue.o(i.LOS_ListInit)
    LOS_ListInit                             0x080006d9   Thumb Code     6  los_queue.o(i.LOS_ListInit)
    i.LOS_ListInit                           0x080006de   Section        0  los_sem.o(i.LOS_ListInit)
    LOS_ListInit                             0x080006df   Thumb Code     6  los_sem.o(i.LOS_ListInit)
    i.LOS_ListTailInsert                     0x080006e4   Section        0  los_task.o(i.LOS_ListTailInsert)
    LOS_ListTailInsert                       0x080006e5   Thumb Code    16  los_task.o(i.LOS_ListTailInsert)
    i.LOS_MemAlloc                           0x080006f4   Section        0  los_memory.o(i.LOS_MemAlloc)
    i.LOS_MemAllocAlign                      0x08000712   Section        0  los_memory.o(i.LOS_MemAllocAlign)
    i.LOS_MemFree                            0x08000726   Section        0  los_memory.o(i.LOS_MemFree)
    i.LOS_MemInit                            0x0800074c   Section        0  los_memory.o(i.LOS_MemInit)
    i.LOS_QueueCreate                        0x08000838   Section        0  los_queue.o(i.LOS_QueueCreate)
    i.LOS_QueueReadCopy                      0x08000918   Section        0  los_queue.o(i.LOS_QueueReadCopy)
    i.LOS_QueueWriteCopy                     0x0800094e   Section        0  los_queue.o(i.LOS_QueueWriteCopy)
    i.LOS_Schedule                           0x08000984   Section        0  los_hw.o(i.LOS_Schedule)
    i.LOS_Start                              0x080009c4   Section        0  los_init.o(i.LOS_Start)
    i.LOS_TaskCreate                         0x08000a08   Section        0  los_task.o(i.LOS_TaskCreate)
    i.LOS_TaskCreateOnly                     0x08000aa4   Section        0  los_task.o(i.LOS_TaskCreateOnly)
    i.LOS_TaskDelay                          0x08000c24   Section        0  los_task.o(i.LOS_TaskDelay)
    i.LOS_TaskDelete                         0x08000ca0   Section        0  los_task.o(i.LOS_TaskDelete)
    i.LOS_TaskYield                          0x08000e18   Section        0  los_task.o(i.LOS_TaskYield)
    i.LOS_TickCountGet                       0x08000eac   Section        0  los_sys.o(i.LOS_TickCountGet)
    i.MemManage_Handler                      0x08000eb8   Section        0  stm32f4xx_it.o(i.MemManage_Handler)
    i.NMI_Handler                            0x08000ebc   Section        0  stm32f4xx_it.o(i.NMI_Handler)
    i.RCC_AHB1PeriphClockCmd                 0x08000ec0   Section        0  stm32f4xx_rcc.o(i.RCC_AHB1PeriphClockCmd)
    i.RCC_APB2PeriphClockCmd                 0x08000ee0   Section        0  stm32f4xx_rcc.o(i.RCC_APB2PeriphClockCmd)
    i.RCC_GetClocksFreq                      0x08000f00   Section        0  stm32f4xx_rcc.o(i.RCC_GetClocksFreq)
    i.SVC_Handler                            0x08000fe8   Section        0  stm32f4xx_it.o(i.SVC_Handler)
    i.SetSysClock                            0x08000fec   Section        0  system_stm32f4xx.o(i.SetSysClock)
    SetSysClock                              0x08000fed   Thumb Code   220  system_stm32f4xx.o(i.SetSysClock)
    i.SysTick_Handler                        0x080010d8   Section        0  los_hwi.o(i.SysTick_Handler)
    i.SystemInit                             0x08001104   Section        0  system_stm32f4xx.o(i.SystemInit)
    i.USART_Cmd                              0x0800116c   Section        0  stm32f4xx_usart.o(i.USART_Cmd)
    i.USART_GPIO_Config                      0x08001184   Section        0  usart.o(i.USART_GPIO_Config)
    i.USART_GetFlagStatus                    0x080011dc   Section        0  stm32f4xx_usart.o(i.USART_GetFlagStatus)
    i.USART_Init                             0x080011f8   Section        0  stm32f4xx_usart.o(i.USART_Init)
    i.USART_SendData                         0x080012cc   Section        0  stm32f4xx_usart.o(i.USART_SendData)
    i.UsageFault_Handler                     0x080012d4   Section        0  stm32f4xx_it.o(i.UsageFault_Handler)
    i.Usart_Config                           0x080012d8   Section        0  usart.o(i.Usart_Config)
    i.__0printf$8                            0x0800131c   Section        0  printf8.o(i.__0printf$8)
    i.__scatterload_copy                     0x0800133c   Section       14  handlers.o(i.__scatterload_copy)
    i.__scatterload_null                     0x0800134a   Section        2  handlers.o(i.__scatterload_null)
    i.__scatterload_zeroinit                 0x0800134c   Section       14  handlers.o(i.__scatterload_zeroinit)
    i._printf_core                           0x0800135c   Section        0  printf8.o(i._printf_core)
    _printf_core                             0x0800135d   Thumb Code   996  printf8.o(i._printf_core)
    i._printf_post_padding                   0x0800176c   Section        0  printf8.o(i._printf_post_padding)
    _printf_post_padding                     0x0800176d   Thumb Code    36  printf8.o(i._printf_post_padding)
    i._printf_pre_padding                    0x08001790   Section        0  printf8.o(i._printf_pre_padding)
    _printf_pre_padding                      0x08001791   Thumb Code    46  printf8.o(i._printf_pre_padding)
    i.creat_task1                            0x080017c0   Section        0  main.o(i.creat_task1)
    i.creat_task2                            0x080017fc   Section        0  main.o(i.creat_task2)
    i.fputc                                  0x08001838   Section        0  usart.o(i.fputc)
    i.main                                   0x0800185c   Section        0  main.o(i.main)
    i.osAlarmHeapInfo                        0x08001896   Section        0  los_heap.o(i.osAlarmHeapInfo)
    i.osHeapAlloc                            0x080018bc   Section        0  los_heap.o(i.osHeapAlloc)
    i.osHeapAllocAlign                       0x08001a24   Section        0  los_heap.o(i.osHeapAllocAlign)
    i.osHeapFree                             0x08001a80   Section        0  los_heap.o(i.osHeapFree)
    i.osHeapInit                             0x08001bc0   Section        0  los_heap.o(i.osHeapInit)
    i.osHeapPrvGetNext                       0x08001c04   Section        0  los_heap.o(i.osHeapPrvGetNext)
    i.osHeapStatisticsGet                    0x08001c20   Section        0  los_heap.o(i.osHeapStatisticsGet)
    i.osIdleTask                             0x08001c84   Section        0  los_task.o(i.osIdleTask)
    i.osIdleTaskCreate                       0x08001c88   Section        0  los_task.o(i.osIdleTaskCreate)
    i.osIntNumGet                            0x08001cd4   Section        0  los_hwi.o(i.osIntNumGet)
    i.osMemSystemInit                        0x08001cdc   Section        0  los_memory.o(i.osMemSystemInit)
    i.osPriqueueDequeue                      0x08001cf8   Section        0  los_priqueue.o(i.osPriqueueDequeue)
    i.osPriqueueEnqueue                      0x08001d44   Section        0  los_priqueue.o(i.osPriqueueEnqueue)
    i.osPriqueueInit                         0x08001d8c   Section        0  los_priqueue.o(i.osPriqueueInit)
    i.osPriqueueSize                         0x08001dd4   Section        0  los_priqueue.o(i.osPriqueueSize)
    i.osPriqueueTop                          0x08001dfc   Section        0  los_priqueue.o(i.osPriqueueTop)
    i.osQueueBufferOperate                   0x08001e24   Section        0  los_queue.o(i.osQueueBufferOperate)
    osQueueBufferOperate                     0x08001e25   Thumb Code   226  los_queue.o(i.osQueueBufferOperate)
    i.osQueueInit                            0x08001f30   Section        0  los_queue.o(i.osQueueInit)
    i.osQueueOperate                         0x08001fa0   Section        0  los_queue.o(i.osQueueOperate)
    i.osQueueReadParameterCheck              0x08002128   Section        0  los_queue.o(i.osQueueReadParameterCheck)
    osQueueReadParameterCheck                0x08002129   Thumb Code    60  los_queue.o(i.osQueueReadParameterCheck)
    i.osQueueWriteParameterCheck             0x08002168   Section        0  los_queue.o(i.osQueueWriteParameterCheck)
    osQueueWriteParameterCheck               0x08002169   Thumb Code    58  los_queue.o(i.osQueueWriteParameterCheck)
    i.osRegister                             0x080021a8   Section        0  los_init.o(i.osRegister)
    osRegister                               0x080021a9   Thumb Code     8  los_init.o(i.osRegister)
    i.osSchedule                             0x080021b4   Section        0  los_hw.o(i.osSchedule)
    i.osSemInit                              0x080021bc   Section        0  los_sem.o(i.osSemInit)
    i.osSwTmrInit                            0x0800221c   Section        0  los_swtmr.o(i.osSwTmrInit)
    i.osSwTmrStart                           0x080022b0   Section        0  los_swtmr.o(i.osSwTmrStart)
    i.osSwTmrTask                            0x080022fc   Section        0  los_swtmr.o(i.osSwTmrTask)
    i.osSwTmrTaskCreate                      0x08002340   Section        0  los_swtmr.o(i.osSwTmrTaskCreate)
    i.osSwTmrTimeoutHandle                   0x08002384   Section        0  los_swtmr.o(i.osSwTmrTimeoutHandle)
    osSwTmrTimeoutHandle                     0x08002385   Thumb Code   120  los_swtmr.o(i.osSwTmrTimeoutHandle)
    i.osSwtmrDelete                          0x08002404   Section        0  los_swtmr.o(i.osSwtmrDelete)
    osSwtmrDelete                            0x08002405   Thumb Code    16  los_swtmr.o(i.osSwtmrDelete)
    i.osSwtmrScan                            0x08002418   Section        0  los_swtmr.o(i.osSwtmrScan)
    i.osTaskAdd2TimerList                    0x0800243c   Section        0  los_task.o(i.osTaskAdd2TimerList)
    i.osTaskEntry                            0x080024fc   Section        0  los_task.o(i.osTaskEntry)
    i.osTaskExit                             0x0800252c   Section        0  los_hw.o(i.osTaskExit)
    i.osTaskInit                             0x08002534   Section        0  los_task.o(i.osTaskInit)
    i.osTaskMonInit                          0x0800265c   Section        0  los_task.o(i.osTaskMonInit)
    i.osTaskScan                             0x0800268c   Section        0  los_task.o(i.osTaskScan)
    i.osTaskSwitchCheck                      0x08002768   Section        0  los_task.o(i.osTaskSwitchCheck)
    i.osTaskWait                             0x080028ec   Section        0  los_task.o(i.osTaskWait)
    i.osTaskWake                             0x08002938   Section        0  los_task.o(i.osTaskWake)
    i.osTickHandler                          0x08002980   Section        0  los_tick.o(i.osTickHandler)
    i.osTickStart                            0x080029a4   Section        0  los_hw_tick.o(i.osTickStart)
    i.osTimerListDelete                      0x08002a58   Section        0  los_task.o(i.osTimerListDelete)
    i.osTskStackInit                         0x08002aa0   Section        0  los_hw.o(i.osTskStackInit)
    i.task1                                  0x08002b30   Section        0  main.o(i.task1)
    i.task2                                  0x08002b64   Section        0  main.o(i.task2)
    .data                                    0x20000000   Section       20  system_stm32f4xx.o(.data)
    .data                                    0x20000014   Section       16  stm32f4xx_rcc.o(.data)
    APBAHBPrescTable                         0x20000014   Data          16  stm32f4xx_rcc.o(.data)
    .data                                    0x20000024   Section        8  los_priqueue.o(.data)
    g_uwPriQueueBitmap                       0x20000028   Data           4  los_priqueue.o(.data)
    .data                                    0x2000002c   Section       16  los_swtmr.o(.data)
    .data                                    0x2000003c   Section       72  los_task.o(.data)
    .data                                    0x20000088   Section       28  los_tick.o(.data)
    .data                                    0x200000a4   Section       12  los_queue.o(.data)
    .data                                    0x200000b0   Section       12  los_sem.o(.data)
    .data                                    0x200000bc   Section       16  los_heap.o(.data)
    g_uwAllocCount                           0x200000bc   Data           4  los_heap.o(.data)
    g_uwFreeCount                            0x200000c0   Data           4  los_heap.o(.data)
    g_uwCurHeapUsed                          0x200000c4   Data           4  los_heap.o(.data)
    g_uwMaxHeapUsed                          0x200000c8   Data           4  los_heap.o(.data)
    .data                                    0x200000cc   Section        4  los_memory.o(.data)
    .data                                    0x200000d0   Section        4  los_init.o(.data)
    .data                                    0x200000d4   Section        4  stdout.o(.data)
    .bss                                     0x200000d8   Section      342  los_task.o(.bss)
    STACK                                    0x20000230   Section     8192  startup_stm32f40_41xxx.o(STACK)

    Global Symbols

    Symbol Name                              Value     Ov Type        Size  Object(Section)

    BuildAttributes$$THM_ISAv4$E$P$D$K$B$S$7EM$VFPi3$EXTD16$VFPS$VFMA$PE$A:L22UL41UL21$X:L11$S22US41US21$IEEE1$IW$USESV6$~STKCKD$USESV7$~SHL$OSPACE$ROPI$EBA8$MICROLIB$REQ8$PRES8$EABIv2 0x00000000   Number         0  anon$$obj.o ABSOLUTE
    __ARM_use_no_argv                        0x00000000   Number         0  main.o ABSOLUTE
    _printf_a                                0x00000000   Number         0  stubs.o ABSOLUTE
    _printf_c                                0x00000000   Number         0  stubs.o ABSOLUTE
    _printf_charcount                        0x00000000   Number         0  stubs.o ABSOLUTE
    _printf_d                                0x00000000   Number         0  stubs.o ABSOLUTE
    _printf_e                                0x00000000   Number         0  stubs.o ABSOLUTE
    _printf_f                                0x00000000   Number         0  stubs.o ABSOLUTE
    _printf_flags                            0x00000000   Number         0  stubs.o ABSOLUTE
    _printf_fp_dec                           0x00000000   Number         0  stubs.o ABSOLUTE
    _printf_fp_hex                           0x00000000   Number         0  stubs.o ABSOLUTE
    _printf_g                                0x00000000   Number         0  stubs.o ABSOLUTE
    _printf_i                                0x00000000   Number         0  stubs.o ABSOLUTE
    _printf_int_dec                          0x00000000   Number         0  stubs.o ABSOLUTE
    _printf_l                                0x00000000   Number         0  stubs.o ABSOLUTE
    _printf_lc                               0x00000000   Number         0  stubs.o ABSOLUTE
    _printf_ll                               0x00000000   Number         0  stubs.o ABSOLUTE
    _printf_lld                              0x00000000   Number         0  stubs.o ABSOLUTE
    _printf_lli                              0x00000000   Number         0  stubs.o ABSOLUTE
    _printf_llo                              0x00000000   Number         0  stubs.o ABSOLUTE
    _printf_llu                              0x00000000   Number         0  stubs.o ABSOLUTE
    _printf_llx                              0x00000000   Number         0  stubs.o ABSOLUTE
    _printf_longlong_dec                     0x00000000   Number         0  stubs.o ABSOLUTE
    _printf_longlong_hex                     0x00000000   Number         0  stubs.o ABSOLUTE
    _printf_longlong_oct                     0x00000000   Number         0  stubs.o ABSOLUTE
    _printf_ls                               0x00000000   Number         0  stubs.o ABSOLUTE
    _printf_mbtowc                           0x00000000   Number         0  stubs.o ABSOLUTE
    _printf_n                                0x00000000   Number         0  stubs.o ABSOLUTE
    _printf_o                                0x00000000   Number         0  stubs.o ABSOLUTE
    _printf_p                                0x00000000   Number         0  stubs.o ABSOLUTE
    _printf_percent                          0x00000000   Number         0  stubs.o ABSOLUTE
    _printf_pre_padding                      0x00000000   Number         0  stubs.o ABSOLUTE
    _printf_return_value                     0x00000000   Number         0  stubs.o ABSOLUTE
    _printf_s                                0x00000000   Number         0  stubs.o ABSOLUTE
    _printf_sizespec                         0x00000000   Number         0  stubs.o ABSOLUTE
    _printf_str                              0x00000000   Number         0  stubs.o ABSOLUTE
    _printf_truncate_signed                  0x00000000   Number         0  stubs.o ABSOLUTE
    _printf_truncate_unsigned                0x00000000   Number         0  stubs.o ABSOLUTE
    _printf_u                                0x00000000   Number         0  stubs.o ABSOLUTE
    _printf_wc                               0x00000000   Number         0  stubs.o ABSOLUTE
    _printf_wctomb                           0x00000000   Number         0  stubs.o ABSOLUTE
    _printf_widthprec                        0x00000000   Number         0  stubs.o ABSOLUTE
    _printf_x                                0x00000000   Number         0  stubs.o ABSOLUTE
    __cpp_initialize__aeabi_                  - Undefined Weak Reference
    __cxa_finalize                            - Undefined Weak Reference
    __decompress                              - Undefined Weak Reference
    _clock_init                               - Undefined Weak Reference
    _microlib_exit                            - Undefined Weak Reference
    __Vectors_Size                           0x00000188   Number         0  startup_stm32f40_41xxx.o ABSOLUTE
    __Vectors                                0x08000000   Data           4  startup_stm32f40_41xxx.o(RESET)
    __Vectors_End                            0x08000188   Data           0  startup_stm32f40_41xxx.o(RESET)
    __main                                   0x08000189   Thumb Code     0  entry.o(.ARM.Collect$$$$00000000)
    _main_stk                                0x08000189   Thumb Code     0  entry2.o(.ARM.Collect$$$$00000001)
    _main_scatterload                        0x0800018d   Thumb Code     0  entry5.o(.ARM.Collect$$$$00000004)
    __main_after_scatterload                 0x08000191   Thumb Code     0  entry5.o(.ARM.Collect$$$$00000004)
    _main_clock                              0x08000191   Thumb Code     0  entry7b.o(.ARM.Collect$$$$00000008)
    _main_cpp_init                           0x08000191   Thumb Code     0  entry8b.o(.ARM.Collect$$$$0000000A)
    _main_init                               0x08000191   Thumb Code     0  entry9a.o(.ARM.Collect$$$$0000000B)
    __rt_final_cpp                           0x08000199   Thumb Code     0  entry10a.o(.ARM.Collect$$$$0000000D)
    __rt_final_exit                          0x08000199   Thumb Code     0  entry11a.o(.ARM.Collect$$$$0000000F)
    Reset_Handler                            0x0800019d   Thumb Code     8  startup_stm32f40_41xxx.o(.text)
    ADC_IRQHandler                           0x080001b7   Thumb Code     0  startup_stm32f40_41xxx.o(.text)
    CAN1_RX0_IRQHandler                      0x080001b7   Thumb Code     0  startup_stm32f40_41xxx.o(.text)
    CAN1_RX1_IRQHandler                      0x080001b7   Thumb Code     0  startup_stm32f40_41xxx.o(.text)
    CAN1_SCE_IRQHandler                      0x080001b7   Thumb Code     0  startup_stm32f40_41xxx.o(.text)
    CAN1_TX_IRQHandler                       0x080001b7   Thumb Code     0  startup_stm32f40_41xxx.o(.text)
    CAN2_RX0_IRQHandler                      0x080001b7   Thumb Code     0  startup_stm32f40_41xxx.o(.text)
    CAN2_RX1_IRQHandler                      0x080001b7   Thumb Code     0  startup_stm32f40_41xxx.o(.text)
    CAN2_SCE_IRQHandler                      0x080001b7   Thumb Code     0  startup_stm32f40_41xxx.o(.text)
    CAN2_TX_IRQHandler                       0x080001b7   Thumb Code     0  startup_stm32f40_41xxx.o(.text)
    CRYP_IRQHandler                          0x080001b7   Thumb Code     0  startup_stm32f40_41xxx.o(.text)
    DCMI_IRQHandler                          0x080001b7   Thumb Code     0  startup_stm32f40_41xxx.o(.text)
    DMA1_Stream0_IRQHandler                  0x080001b7   Thumb Code     0  startup_stm32f40_41xxx.o(.text)
    DMA1_Stream1_IRQHandler                  0x080001b7   Thumb Code     0  startup_stm32f40_41xxx.o(.text)
    DMA1_Stream2_IRQHandler                  0x080001b7   Thumb Code     0  startup_stm32f40_41xxx.o(.text)
    DMA1_Stream3_IRQHandler                  0x080001b7   Thumb Code     0  startup_stm32f40_41xxx.o(.text)
    DMA1_Stream4_IRQHandler                  0x080001b7   Thumb Code     0  startup_stm32f40_41xxx.o(.text)
    DMA1_Stream5_IRQHandler                  0x080001b7   Thumb Code     0  startup_stm32f40_41xxx.o(.text)
    DMA1_Stream6_IRQHandler                  0x080001b7   Thumb Code     0  startup_stm32f40_41xxx.o(.text)
    DMA1_Stream7_IRQHandler                  0x080001b7   Thumb Code     0  startup_stm32f40_41xxx.o(.text)
    DMA2_Stream0_IRQHandler                  0x080001b7   Thumb Code     0  startup_stm32f40_41xxx.o(.text)
    DMA2_Stream1_IRQHandler                  0x080001b7   Thumb Code     0  startup_stm32f40_41xxx.o(.text)
    DMA2_Stream2_IRQHandler                  0x080001b7   Thumb Code     0  startup_stm32f40_41xxx.o(.text)
    DMA2_Stream3_IRQHandler                  0x080001b7   Thumb Code     0  startup_stm32f40_41xxx.o(.text)
    DMA2_Stream4_IRQHandler                  0x080001b7   Thumb Code     0  startup_stm32f40_41xxx.o(.text)
    DMA2_Stream5_IRQHandler                  0x080001b7   Thumb Code     0  startup_stm32f40_41xxx.o(.text)
    DMA2_Stream6_IRQHandler                  0x080001b7   Thumb Code     0  startup_stm32f40_41xxx.o(.text)
    DMA2_Stream7_IRQHandler                  0x080001b7   Thumb Code     0  startup_stm32f40_41xxx.o(.text)
    ETH_IRQHandler                           0x080001b7   Thumb Code     0  startup_stm32f40_41xxx.o(.text)
    ETH_WKUP_IRQHandler                      0x080001b7   Thumb Code     0  startup_stm32f40_41xxx.o(.text)
    EXTI0_IRQHandler                         0x080001b7   Thumb Code     0  startup_stm32f40_41xxx.o(.text)
    EXTI15_10_IRQHandler                     0x080001b7   Thumb Code     0  startup_stm32f40_41xxx.o(.text)
    EXTI1_IRQHandler                         0x080001b7   Thumb Code     0  startup_stm32f40_41xxx.o(.text)
    EXTI2_IRQHandler                         0x080001b7   Thumb Code     0  startup_stm32f40_41xxx.o(.text)
    EXTI3_IRQHandler                         0x080001b7   Thumb Code     0  startup_stm32f40_41xxx.o(.text)
    EXTI4_IRQHandler                         0x080001b7   Thumb Code     0  startup_stm32f40_41xxx.o(.text)
    EXTI9_5_IRQHandler                       0x080001b7   Thumb Code     0  startup_stm32f40_41xxx.o(.text)
    FLASH_IRQHandler                         0x080001b7   Thumb Code     0  startup_stm32f40_41xxx.o(.text)
    FPU_IRQHandler                           0x080001b7   Thumb Code     0  startup_stm32f40_41xxx.o(.text)
    FSMC_IRQHandler                          0x080001b7   Thumb Code     0  startup_stm32f40_41xxx.o(.text)
    HASH_RNG_IRQHandler                      0x080001b7   Thumb Code     0  startup_stm32f40_41xxx.o(.text)
    I2C1_ER_IRQHandler                       0x080001b7   Thumb Code     0  startup_stm32f40_41xxx.o(.text)
    I2C1_EV_IRQHandler                       0x080001b7   Thumb Code     0  startup_stm32f40_41xxx.o(.text)
    I2C2_ER_IRQHandler                       0x080001b7   Thumb Code     0  startup_stm32f40_41xxx.o(.text)
    I2C2_EV_IRQHandler                       0x080001b7   Thumb Code     0  startup_stm32f40_41xxx.o(.text)
    I2C3_ER_IRQHandler                       0x080001b7   Thumb Code     0  startup_stm32f40_41xxx.o(.text)
    I2C3_EV_IRQHandler                       0x080001b7   Thumb Code     0  startup_stm32f40_41xxx.o(.text)
    OTG_FS_IRQHandler                        0x080001b7   Thumb Code     0  startup_stm32f40_41xxx.o(.text)
    OTG_FS_WKUP_IRQHandler                   0x080001b7   Thumb Code     0  startup_stm32f40_41xxx.o(.text)
    OTG_HS_EP1_IN_IRQHandler                 0x080001b7   Thumb Code     0  startup_stm32f40_41xxx.o(.text)
    OTG_HS_EP1_OUT_IRQHandler                0x080001b7   Thumb Code     0  startup_stm32f40_41xxx.o(.text)
    OTG_HS_IRQHandler                        0x080001b7   Thumb Code     0  startup_stm32f40_41xxx.o(.text)
    OTG_HS_WKUP_IRQHandler                   0x080001b7   Thumb Code     0  startup_stm32f40_41xxx.o(.text)
    PVD_IRQHandler                           0x080001b7   Thumb Code     0  startup_stm32f40_41xxx.o(.text)
    RCC_IRQHandler                           0x080001b7   Thumb Code     0  startup_stm32f40_41xxx.o(.text)
    RTC_Alarm_IRQHandler                     0x080001b7   Thumb Code     0  startup_stm32f40_41xxx.o(.text)
    RTC_WKUP_IRQHandler                      0x080001b7   Thumb Code     0  startup_stm32f40_41xxx.o(.text)
    SDIO_IRQHandler                          0x080001b7   Thumb Code     0  startup_stm32f40_41xxx.o(.text)
    SPI1_IRQHandler                          0x080001b7   Thumb Code     0  startup_stm32f40_41xxx.o(.text)
    SPI2_IRQHandler                          0x080001b7   Thumb Code     0  startup_stm32f40_41xxx.o(.text)
    SPI3_IRQHandler                          0x080001b7   Thumb Code     0  startup_stm32f40_41xxx.o(.text)
    TAMP_STAMP_IRQHandler                    0x080001b7   Thumb Code     0  startup_stm32f40_41xxx.o(.text)
    TIM1_BRK_TIM9_IRQHandler                 0x080001b7   Thumb Code     0  startup_stm32f40_41xxx.o(.text)
    TIM1_CC_IRQHandler                       0x080001b7   Thumb Code     0  startup_stm32f40_41xxx.o(.text)
    TIM1_TRG_COM_TIM11_IRQHandler            0x080001b7   Thumb Code     0  startup_stm32f40_41xxx.o(.text)
    TIM1_UP_TIM10_IRQHandler                 0x080001b7   Thumb Code     0  startup_stm32f40_41xxx.o(.text)
    TIM2_IRQHandler                          0x080001b7   Thumb Code     0  startup_stm32f40_41xxx.o(.text)
    TIM3_IRQHandler                          0x080001b7   Thumb Code     0  startup_stm32f40_41xxx.o(.text)
    TIM4_IRQHandler                          0x080001b7   Thumb Code     0  startup_stm32f40_41xxx.o(.text)
    TIM5_IRQHandler                          0x080001b7   Thumb Code     0  startup_stm32f40_41xxx.o(.text)
    TIM6_DAC_IRQHandler                      0x080001b7   Thumb Code     0  startup_stm32f40_41xxx.o(.text)
    TIM7_IRQHandler                          0x080001b7   Thumb Code     0  startup_stm32f40_41xxx.o(.text)
    TIM8_BRK_TIM12_IRQHandler                0x080001b7   Thumb Code     0  startup_stm32f40_41xxx.o(.text)
    TIM8_CC_IRQHandler                       0x080001b7   Thumb Code     0  startup_stm32f40_41xxx.o(.text)
    TIM8_TRG_COM_TIM14_IRQHandler            0x080001b7   Thumb Code     0  startup_stm32f40_41xxx.o(.text)
    TIM8_UP_TIM13_IRQHandler                 0x080001b7   Thumb Code     0  startup_stm32f40_41xxx.o(.text)
    UART4_IRQHandler                         0x080001b7   Thumb Code     0  startup_stm32f40_41xxx.o(.text)
    UART5_IRQHandler                         0x080001b7   Thumb Code     0  startup_stm32f40_41xxx.o(.text)
    USART1_IRQHandler                        0x080001b7   Thumb Code     0  startup_stm32f40_41xxx.o(.text)
    USART2_IRQHandler                        0x080001b7   Thumb Code     0  startup_stm32f40_41xxx.o(.text)
    USART3_IRQHandler                        0x080001b7   Thumb Code     0  startup_stm32f40_41xxx.o(.text)
    USART6_IRQHandler                        0x080001b7   Thumb Code     0  startup_stm32f40_41xxx.o(.text)
    WWDG_IRQHandler                          0x080001b7   Thumb Code     0  startup_stm32f40_41xxx.o(.text)
    LOS_StartToRun                           0x080001c1   Thumb Code     0  los_dispatch_keil.o(.text)
    LOS_IntLock                              0x0800020d   Thumb Code     0  los_dispatch_keil.o(.text)
    LOS_IntUnLock                            0x08000215   Thumb Code     0  los_dispatch_keil.o(.text)
    LOS_IntRestore                           0x0800021d   Thumb Code     0  los_dispatch_keil.o(.text)
    osTaskSchedule                           0x08000223   Thumb Code     0  los_dispatch_keil.o(.text)
    PendSV_Handler                           0x0800022d   Thumb Code     0  los_dispatch_keil.o(.text)
    __aeabi_uldivmod                         0x080002ad   Thumb Code    98  uldiv.o(.text)
    __aeabi_memcpy                           0x0800030f   Thumb Code    36  memcpya.o(.text)
    __aeabi_memcpy4                          0x0800030f   Thumb Code     0  memcpya.o(.text)
    __aeabi_memcpy8                          0x0800030f   Thumb Code     0  memcpya.o(.text)
    __aeabi_memset                           0x08000333   Thumb Code    14  memseta.o(.text)
    __aeabi_memset4                          0x08000333   Thumb Code     0  memseta.o(.text)
    __aeabi_memset8                          0x08000333   Thumb Code     0  memseta.o(.text)
    __aeabi_memclr                           0x08000341   Thumb Code     4  memseta.o(.text)
    __aeabi_memclr4                          0x08000341   Thumb Code     0  memseta.o(.text)
    __aeabi_memclr8                          0x08000341   Thumb Code     0  memseta.o(.text)
    _memset$wrapper                          0x08000345   Thumb Code    18  memseta.o(.text)
    __aeabi_llsl                             0x08000357   Thumb Code    30  llshl.o(.text)
    _ll_shift_l                              0x08000357   Thumb Code     0  llshl.o(.text)
    __aeabi_llsr                             0x08000375   Thumb Code    32  llushr.o(.text)
    _ll_ushift_r                             0x08000375   Thumb Code     0  llushr.o(.text)
    __scatterload                            0x08000395   Thumb Code    28  init.o(.text)
    __scatterload_rt2                        0x08000395   Thumb Code     0  init.o(.text)
    BusFault_Handler                         0x080003b9   Thumb Code     4  stm32f4xx_it.o(i.BusFault_Handler)
    DebugMon_Handler                         0x080003bd   Thumb Code     2  stm32f4xx_it.o(i.DebugMon_Handler)
    Delay_Init                               0x080003c1   Thumb Code    82  delay.o(i.Delay_Init)
    GPIO_Init                                0x08000421   Thumb Code   144  stm32f4xx_gpio.o(i.GPIO_Init)
    GPIO_PinAFConfig                         0x080004b1   Thumb Code    70  stm32f4xx_gpio.o(i.GPIO_PinAFConfig)
    GPIO_ResetBits                           0x080004f7   Thumb Code     4  stm32f4xx_gpio.o(i.GPIO_ResetBits)
    HardFault_Handler                        0x080004fb   Thumb Code     4  stm32f4xx_it.o(i.HardFault_Handler)
    LED_Init                                 0x08000501   Thumb Code    60  led.o(i.LED_Init)
    LOS_Align                                0x08000541   Thumb Code    28  los_misc.o(i.LOS_Align)
    LOS_KernelInit                           0x0800055d   Thumb Code   158  los_init.o(i.LOS_KernelInit)
    LOS_MemAlloc                             0x080006f5   Thumb Code    30  los_memory.o(i.LOS_MemAlloc)
    LOS_MemAllocAlign                        0x08000713   Thumb Code    20  los_memory.o(i.LOS_MemAllocAlign)
    LOS_MemFree                              0x08000727   Thumb Code    38  los_memory.o(i.LOS_MemFree)
    LOS_MemInit                              0x0800074d   Thumb Code   176  los_memory.o(i.LOS_MemInit)
    LOS_QueueCreate                          0x08000839   Thumb Code   210  los_queue.o(i.LOS_QueueCreate)
    LOS_QueueReadCopy                        0x08000919   Thumb Code    54  los_queue.o(i.LOS_QueueReadCopy)
    LOS_QueueWriteCopy                       0x0800094f   Thumb Code    54  los_queue.o(i.LOS_QueueWriteCopy)
    LOS_Schedule                             0x08000985   Thumb Code    56  los_hw.o(i.LOS_Schedule)
    LOS_Start                                0x080009c5   Thumb Code    38  los_init.o(i.LOS_Start)
    LOS_TaskCreate                           0x08000a09   Thumb Code   140  los_task.o(i.LOS_TaskCreate)
    LOS_TaskCreateOnly                       0x08000aa5   Thumb Code   354  los_task.o(i.LOS_TaskCreateOnly)
    LOS_TaskDelay                            0x08000c25   Thumb Code   106  los_task.o(i.LOS_TaskDelay)
    LOS_TaskDelete                           0x08000ca1   Thumb Code   334  los_task.o(i.LOS_TaskDelete)
    LOS_TaskYield                            0x08000e19   Thumb Code   134  los_task.o(i.LOS_TaskYield)
    LOS_TickCountGet                         0x08000ead   Thumb Code     6  los_sys.o(i.LOS_TickCountGet)
    MemManage_Handler                        0x08000eb9   Thumb Code     4  stm32f4xx_it.o(i.MemManage_Handler)
    NMI_Handler                              0x08000ebd   Thumb Code     2  stm32f4xx_it.o(i.NMI_Handler)
    RCC_AHB1PeriphClockCmd                   0x08000ec1   Thumb Code    26  stm32f4xx_rcc.o(i.RCC_AHB1PeriphClockCmd)
    RCC_APB2PeriphClockCmd                   0x08000ee1   Thumb Code    26  stm32f4xx_rcc.o(i.RCC_APB2PeriphClockCmd)
    RCC_GetClocksFreq                        0x08000f01   Thumb Code   214  stm32f4xx_rcc.o(i.RCC_GetClocksFreq)
    SVC_Handler                              0x08000fe9   Thumb Code     2  stm32f4xx_it.o(i.SVC_Handler)
    SysTick_Handler                          0x080010d9   Thumb Code    34  los_hwi.o(i.SysTick_Handler)
    SystemInit                               0x08001105   Thumb Code    88  system_stm32f4xx.o(i.SystemInit)
    USART_Cmd                                0x0800116d   Thumb Code    24  stm32f4xx_usart.o(i.USART_Cmd)
    USART_GPIO_Config                        0x08001185   Thumb Code    84  usart.o(i.USART_GPIO_Config)
    USART_GetFlagStatus                      0x080011dd   Thumb Code    26  stm32f4xx_usart.o(i.USART_GetFlagStatus)
    USART_Init                               0x080011f9   Thumb Code   204  stm32f4xx_usart.o(i.USART_Init)
    USART_SendData                           0x080012cd   Thumb Code     8  stm32f4xx_usart.o(i.USART_SendData)
    UsageFault_Handler                       0x080012d5   Thumb Code     4  stm32f4xx_it.o(i.UsageFault_Handler)
    Usart_Config                             0x080012d9   Thumb Code    64  usart.o(i.Usart_Config)
    __0printf$8                              0x0800131d   Thumb Code    22  printf8.o(i.__0printf$8)
    __1printf$8                              0x0800131d   Thumb Code     0  printf8.o(i.__0printf$8)
    __2printf                                0x0800131d   Thumb Code     0  printf8.o(i.__0printf$8)
    __scatterload_copy                       0x0800133d   Thumb Code    14  handlers.o(i.__scatterload_copy)
    __scatterload_null                       0x0800134b   Thumb Code     2  handlers.o(i.__scatterload_null)
    __scatterload_zeroinit                   0x0800134d   Thumb Code    14  handlers.o(i.__scatterload_zeroinit)
    creat_task1                              0x080017c1   Thumb Code    48  main.o(i.creat_task1)
    creat_task2                              0x080017fd   Thumb Code    48  main.o(i.creat_task2)
    fputc                                    0x08001839   Thumb Code    32  usart.o(i.fputc)
    main                                     0x0800185d   Thumb Code    58  main.o(i.main)
    osAlarmHeapInfo                          0x08001897   Thumb Code    36  los_heap.o(i.osAlarmHeapInfo)
    osHeapAlloc                              0x080018bd   Thumb Code   292  los_heap.o(i.osHeapAlloc)
    osHeapAllocAlign                         0x08001a25   Thumb Code    90  los_heap.o(i.osHeapAllocAlign)
    osHeapFree                               0x08001a81   Thumb Code   284  los_heap.o(i.osHeapFree)
    osHeapInit                               0x08001bc1   Thumb Code    68  los_heap.o(i.osHeapInit)
    osHeapPrvGetNext                         0x08001c05   Thumb Code    26  los_heap.o(i.osHeapPrvGetNext)
    osHeapStatisticsGet                      0x08001c21   Thumb Code    90  los_heap.o(i.osHeapStatisticsGet)
    osIdleTask                               0x08001c85   Thumb Code     4  los_task.o(i.osIdleTask)
    osIdleTaskCreate                         0x08001c89   Thumb Code    54  los_task.o(i.osIdleTaskCreate)
    osIntNumGet                              0x08001cd5   Thumb Code     8  los_hwi.o(i.osIntNumGet)
    osMemSystemInit                          0x08001cdd   Thumb Code    20  los_memory.o(i.osMemSystemInit)
    osPriqueueDequeue                        0x08001cf9   Thumb Code    66  los_priqueue.o(i.osPriqueueDequeue)
    osPriqueueEnqueue                        0x08001d45   Thumb Code    64  los_priqueue.o(i.osPriqueueEnqueue)
    osPriqueueInit                           0x08001d8d   Thumb Code    64  los_priqueue.o(i.osPriqueueInit)
    osPriqueueSize                           0x08001dd5   Thumb Code    36  los_priqueue.o(i.osPriqueueSize)
    osPriqueueTop                            0x08001dfd   Thumb Code    32  los_priqueue.o(i.osPriqueueTop)
    osQueueInit                              0x08001f31   Thumb Code    96  los_queue.o(i.osQueueInit)
    osQueueOperate                           0x08001fa1   Thumb Code   374  los_queue.o(i.osQueueOperate)
    osSchedule                               0x080021b5   Thumb Code     8  los_hw.o(i.osSchedule)
    osSemInit                                0x080021bd   Thumb Code    80  los_sem.o(i.osSemInit)
    osSwTmrInit                              0x0800221d   Thumb Code   122  los_swtmr.o(i.osSwTmrInit)
    osSwTmrStart                             0x080022b1   Thumb Code    72  los_swtmr.o(i.osSwTmrStart)
    osSwTmrTask                              0x080022fd   Thumb Code    62  los_swtmr.o(i.osSwTmrTask)
    osSwTmrTaskCreate                        0x08002341   Thumb Code    48  los_swtmr.o(i.osSwTmrTaskCreate)
    osSwtmrScan                              0x08002419   Thumb Code    32  los_swtmr.o(i.osSwtmrScan)
    osTaskAdd2TimerList                      0x0800243d   Thumb Code   188  los_task.o(i.osTaskAdd2TimerList)
    osTaskEntry                              0x080024fd   Thumb Code    40  los_task.o(i.osTaskEntry)
    osTaskExit                               0x0800252d   Thumb Code     6  los_hw.o(i.osTaskExit)
    osTaskInit                               0x08002535   Thumb Code   258  los_task.o(i.osTaskInit)
    osTaskMonInit                            0x0800265d   Thumb Code    32  los_task.o(i.osTaskMonInit)
    osTaskScan                               0x0800268d   Thumb Code   214  los_task.o(i.osTaskScan)
    osTaskSwitchCheck                        0x08002769   Thumb Code   238  los_task.o(i.osTaskSwitchCheck)
    osTaskWait                               0x080028ed   Thumb Code    72  los_task.o(i.osTaskWait)
    osTaskWake                               0x08002939   Thumb Code    70  los_task.o(i.osTaskWake)
    osTickHandler                            0x08002981   Thumb Code    30  los_tick.o(i.osTickHandler)
    osTickStart                              0x080029a5   Thumb Code   150  los_hw_tick.o(i.osTickStart)
    osTimerListDelete                        0x08002a59   Thumb Code    66  los_task.o(i.osTimerListDelete)
    osTskStackInit                           0x08002aa1   Thumb Code   134  los_hw.o(i.osTskStackInit)
    task1                                    0x08002b31   Thumb Code    24  main.o(i.task1)
    task2                                    0x08002b65   Thumb Code    24  main.o(i.task2)
    Region$$Table$$Base                      0x08002b98   Number         0  anon$$obj.o(Region$$Table)
    Region$$Table$$Limit                     0x08002bb8   Number         0  anon$$obj.o(Region$$Table)
    SystemCoreClock                          0x20000000   Data           4  system_stm32f4xx.o(.data)
    AHBPrescTable                            0x20000004   Data          16  system_stm32f4xx.o(.data)
    g_pstLosPriorityQueueList                0x20000024   Data           4  los_priqueue.o(.data)
    m_uwSwTmrHandlerQueue                    0x2000002c   Data           4  los_swtmr.o(.data)
    m_pstSwtmrCBArray                        0x20000030   Data           4  los_swtmr.o(.data)
    m_pstSwtmrFreeList                       0x20000034   Data           4  los_swtmr.o(.data)
    m_pstSwtmrSortList                       0x20000038   Data           4  los_swtmr.o(.data)
    g_pstTaskCBArray                         0x2000003c   Data           4  los_task.o(.data)
    g_stLosTask                              0x20000040   Data           8  los_task.o(.data)
    g_usLosTaskLock                          0x20000048   Data           2  los_task.o(.data)
    g_uwTskMaxNum                            0x2000004c   Data           4  los_task.o(.data)
    g_uwIdleTaskID                           0x20000050   Data           4  los_task.o(.data)
    g_uwSwtmrTaskID                          0x20000054   Data           4  los_task.o(.data)
    g_stTaskTimerList                        0x20000058   Data           8  los_task.o(.data)
    g_stLosFreeTask                          0x20000060   Data           8  los_task.o(.data)
    g_stTskRecyleList                        0x20000068   Data           8  los_task.o(.data)
    g_stTskSortLink                          0x20000070   Data           8  los_task.o(.data)
    g_bTaskScheduled                         0x20000078   Data           4  los_task.o(.data)
    g_pfnTskSwitchHook                       0x2000007c   Data           4  los_task.o(.data)
    g_pfnUsrTskSwitchHook                    0x20000080   Data           4  los_task.o(.data)
    g_ullTickCount                           0x20000088   Data           8  los_tick.o(.data)
    g_uwTicksPerSec                          0x20000090   Data           4  los_tick.o(.data)
    g_uwCyclePerSec                          0x20000094   Data           4  los_tick.o(.data)
    g_uwCyclesPerTick                        0x20000098   Data           4  los_tick.o(.data)
    g_uwSysClock                             0x2000009c   Data           4  los_tick.o(.data)
    g_bSysTickStart                          0x200000a0   Data           4  los_tick.o(.data)
    g_pstAllQueue                            0x200000a4   Data           4  los_queue.o(.data)
    g_stFreeQueueList                        0x200000a8   Data           8  los_queue.o(.data)
    g_stUnusedSemList                        0x200000b0   Data           8  los_sem.o(.data)
    g_pstAllSem                              0x200000b8   Data           4  los_sem.o(.data)
    g_pPoolHead                              0x200000cc   Data           4  los_memory.o(.data)
    m_aucSysMem0                             0x200000d0   Data           4  los_init.o(.data)
    __stdout                                 0x200000d4   Data           4  stdout.o(.data)
    g_astTskSwitchInfo                       0x200000d8   Data         342  los_task.o(.bss)
    Image$$RW_IRAM1$$ZI$$Limit               0x20002230   Number         0  anon$$obj.o ABSOLUTE
    __initial_sp                             0x20002230   Data           0  startup_stm32f40_41xxx.o(STACK)



==============================================================================

Memory Map of the image

  Image Entry point : 0x08000189

  Load Region LR_IROM1 (Base: 0x08000000, Size: 0x00002c90, Max: 0x00080000, ABSOLUTE)

    Execution Region ER_IROM1 (Exec base: 0x08000000, Load base: 0x08000000, Size: 0x00002bb8, Max: 0x00080000, ABSOLUTE)

    Exec Addr    Load Addr    Size         Type   Attr      Idx    E Section Name        Object

    0x08000000   0x08000000   0x00000188   Data   RO          437    RESET               startup_stm32f40_41xxx.o
    0x08000188   0x08000188   0x00000000   Code   RO         3279  * .ARM.Collect$$$$00000000  mc_w.l(entry.o)
    0x08000188   0x08000188   0x00000004   Code   RO         3561    .ARM.Collect$$$$00000001  mc_w.l(entry2.o)
    0x0800018c   0x0800018c   0x00000004   Code   RO         3564    .ARM.Collect$$$$00000004  mc_w.l(entry5.o)
    0x08000190   0x08000190   0x00000000   Code   RO         3566    .ARM.Collect$$$$00000008  mc_w.l(entry7b.o)
    0x08000190   0x08000190   0x00000000   Code   RO         3568    .ARM.Collect$$$$0000000A  mc_w.l(entry8b.o)
    0x08000190   0x08000190   0x00000008   Code   RO         3569    .ARM.Collect$$$$0000000B  mc_w.l(entry9a.o)
    0x08000198   0x08000198   0x00000000   Code   RO         3571    .ARM.Collect$$$$0000000D  mc_w.l(entry10a.o)
    0x08000198   0x08000198   0x00000000   Code   RO         3573    .ARM.Collect$$$$0000000F  mc_w.l(entry11a.o)
    0x08000198   0x08000198   0x00000004   Code   RO         3562    .ARM.Collect$$$$00002712  mc_w.l(entry2.o)
    0x0800019c   0x0800019c   0x00000024   Code   RO          438    .text               startup_stm32f40_41xxx.o
    0x080001c0   0x080001c0   0x000000ec   Code   RO         3153    .text               los_dispatch_keil.o
    0x080002ac   0x080002ac   0x00000062   Code   RO         3282    .text               mc_w.l(uldiv.o)
    0x0800030e   0x0800030e   0x00000024   Code   RO         3284    .text               mc_w.l(memcpya.o)
    0x08000332   0x08000332   0x00000024   Code   RO         3286    .text               mc_w.l(memseta.o)
    0x08000356   0x08000356   0x0000001e   Code   RO         3578    .text               mc_w.l(llshl.o)
    0x08000374   0x08000374   0x00000020   Code   RO         3580    .text               mc_w.l(llushr.o)
    0x08000394   0x08000394   0x00000024   Code   RO         3591    .text               mc_w.l(init.o)
    0x080003b8   0x080003b8   0x00000004   Code   RO          239    i.BusFault_Handler  stm32f4xx_it.o
    0x080003bc   0x080003bc   0x00000002   Code   RO          240    i.DebugMon_Handler  stm32f4xx_it.o
    0x080003be   0x080003be   0x00000002   PAD
    0x080003c0   0x080003c0   0x00000060   Code   RO          326    i.Delay_Init        delay.o
    0x08000420   0x08000420   0x00000090   Code   RO          873    i.GPIO_Init         stm32f4xx_gpio.o
    0x080004b0   0x080004b0   0x00000046   Code   RO          874    i.GPIO_PinAFConfig  stm32f4xx_gpio.o
    0x080004f6   0x080004f6   0x00000004   Code   RO          880    i.GPIO_ResetBits    stm32f4xx_gpio.o
    0x080004fa   0x080004fa   0x00000004   Code   RO          241    i.HardFault_Handler  stm32f4xx_it.o
    0x080004fe   0x080004fe   0x00000002   PAD
    0x08000500   0x08000500   0x00000040   Code   RO          302    i.LED_Init          led.o
    0x08000540   0x08000540   0x0000001c   Code   RO         3008    i.LOS_Align         los_misc.o
    0x0800055c   0x0800055c   0x00000108   Code   RO         3102    i.LOS_KernelInit    los_init.o
    0x08000664   0x08000664   0x0000000e   Code   RO         1852    i.LOS_ListAdd       los_task.o
    0x08000672   0x08000672   0x0000000e   Code   RO         2314    i.LOS_ListAdd       los_queue.o
    0x08000680   0x08000680   0x0000000e   Code   RO         2461    i.LOS_ListAdd       los_sem.o
    0x0800068e   0x0800068e   0x00000014   Code   RO         1853    i.LOS_ListDelete    los_task.o
    0x080006a2   0x080006a2   0x00000010   Code   RO         1592    i.LOS_ListEmpty     los_priqueue.o
    0x080006b2   0x080006b2   0x00000010   Code   RO         1854    i.LOS_ListEmpty     los_task.o
    0x080006c2   0x080006c2   0x00000010   Code   RO         2315    i.LOS_ListEmpty     los_queue.o
    0x080006d2   0x080006d2   0x00000006   Code   RO         1855    i.LOS_ListInit      los_task.o
    0x080006d8   0x080006d8   0x00000006   Code   RO         2316    i.LOS_ListInit      los_queue.o
    0x080006de   0x080006de   0x00000006   Code   RO         2463    i.LOS_ListInit      los_sem.o
    0x080006e4   0x080006e4   0x00000010   Code   RO         1856    i.LOS_ListTailInsert  los_task.o
    0x080006f4   0x080006f4   0x0000001e   Code   RO         2618    i.LOS_MemAlloc      los_memory.o
    0x08000712   0x08000712   0x00000014   Code   RO         2619    i.LOS_MemAllocAlign  los_memory.o
    0x08000726   0x08000726   0x00000026   Code   RO         2621    i.LOS_MemFree       los_memory.o
    0x0800074c   0x0800074c   0x000000ec   Code   RO         2623    i.LOS_MemInit       los_memory.o
    0x08000838   0x08000838   0x000000e0   Code   RO         2317    i.LOS_QueueCreate   los_queue.o
    0x08000918   0x08000918   0x00000036   Code   RO         2321    i.LOS_QueueReadCopy  los_queue.o
    0x0800094e   0x0800094e   0x00000036   Code   RO         2323    i.LOS_QueueWriteCopy  los_queue.o
    0x08000984   0x08000984   0x00000040   Code   RO         3159    i.LOS_Schedule      los_hw.o
    0x080009c4   0x080009c4   0x00000044   Code   RO         3104    i.LOS_Start         los_init.o
    0x08000a08   0x08000a08   0x0000009c   Code   RO         1859    i.LOS_TaskCreate    los_task.o
    0x08000aa4   0x08000aa4   0x00000180   Code   RO         1860    i.LOS_TaskCreateOnly  los_task.o
    0x08000c24   0x08000c24   0x0000007c   Code   RO         1861    i.LOS_TaskDelay     los_task.o
    0x08000ca0   0x08000ca0   0x00000178   Code   RO         1862    i.LOS_TaskDelete    los_task.o
    0x08000e18   0x08000e18   0x00000094   Code   RO         1875    i.LOS_TaskYield     los_task.o
    0x08000eac   0x08000eac   0x0000000c   Code   RO         1795    i.LOS_TickCountGet  los_sys.o
    0x08000eb8   0x08000eb8   0x00000004   Code   RO          242    i.MemManage_Handler  stm32f4xx_it.o
    0x08000ebc   0x08000ebc   0x00000002   Code   RO          243    i.NMI_Handler       stm32f4xx_it.o
    0x08000ebe   0x08000ebe   0x00000002   PAD
    0x08000ec0   0x08000ec0   0x00000020   Code   RO          534    i.RCC_AHB1PeriphClockCmd  stm32f4xx_rcc.o
    0x08000ee0   0x08000ee0   0x00000020   Code   RO          546    i.RCC_APB2PeriphClockCmd  stm32f4xx_rcc.o
    0x08000f00   0x08000f00   0x000000e8   Code   RO          555    i.RCC_GetClocksFreq  stm32f4xx_rcc.o
    0x08000fe8   0x08000fe8   0x00000002   Code   RO          244    i.SVC_Handler       stm32f4xx_it.o
    0x08000fea   0x08000fea   0x00000002   PAD
    0x08000fec   0x08000fec   0x000000ec   Code   RO          445    i.SetSysClock       system_stm32f4xx.o
    0x080010d8   0x080010d8   0x0000002c   Code   RO         3249    i.SysTick_Handler   los_hwi.o
    0x08001104   0x08001104   0x00000068   Code   RO          447    i.SystemInit        system_stm32f4xx.o
    0x0800116c   0x0800116c   0x00000018   Code   RO          978    i.USART_Cmd         stm32f4xx_usart.o
    0x08001184   0x08001184   0x00000058   Code   RO          398    i.USART_GPIO_Config  usart.o
    0x080011dc   0x080011dc   0x0000001a   Code   RO          981    i.USART_GetFlagStatus  stm32f4xx_usart.o
    0x080011f6   0x080011f6   0x00000002   PAD
    0x080011f8   0x080011f8   0x000000d4   Code   RO          985    i.USART_Init        stm32f4xx_usart.o
    0x080012cc   0x080012cc   0x00000008   Code   RO          995    i.USART_SendData    stm32f4xx_usart.o
    0x080012d4   0x080012d4   0x00000004   Code   RO          245    i.UsageFault_Handler  stm32f4xx_it.o
    0x080012d8   0x080012d8   0x00000044   Code   RO          399    i.Usart_Config      usart.o
    0x0800131c   0x0800131c   0x00000020   Code   RO         3499    i.__0printf$8       mc_w.l(printf8.o)
    0x0800133c   0x0800133c   0x0000000e   Code   RO         3597    i.__scatterload_copy  mc_w.l(handlers.o)
    0x0800134a   0x0800134a   0x00000002   Code   RO         3598    i.__scatterload_null  mc_w.l(handlers.o)
    0x0800134c   0x0800134c   0x0000000e   Code   RO         3599    i.__scatterload_zeroinit  mc_w.l(handlers.o)
    0x0800135a   0x0800135a   0x00000002   PAD
    0x0800135c   0x0800135c   0x00000410   Code   RO         3506    i._printf_core      mc_w.l(printf8.o)
    0x0800176c   0x0800176c   0x00000024   Code   RO         3507    i._printf_post_padding  mc_w.l(printf8.o)
    0x08001790   0x08001790   0x0000002e   Code   RO         3508    i._printf_pre_padding  mc_w.l(printf8.o)
    0x080017be   0x080017be   0x00000002   PAD
    0x080017c0   0x080017c0   0x0000003c   Code   RO            4    i.creat_task1       main.o
    0x080017fc   0x080017fc   0x0000003c   Code   RO            5    i.creat_task2       main.o
    0x08001838   0x08001838   0x00000024   Code   RO          400    i.fputc             usart.o
    0x0800185c   0x0800185c   0x0000003a   Code   RO            6    i.main              main.o
    0x08001896   0x08001896   0x00000024   Code   RO         2544    i.osAlarmHeapInfo   los_heap.o
    0x080018ba   0x080018ba   0x00000002   PAD
    0x080018bc   0x080018bc   0x00000168   Code   RO         2545    i.osHeapAlloc       los_heap.o
    0x08001a24   0x08001a24   0x0000005a   Code   RO         2546    i.osHeapAllocAlign  los_heap.o
    0x08001a7e   0x08001a7e   0x00000002   PAD
    0x08001a80   0x08001a80   0x00000140   Code   RO         2547    i.osHeapFree        los_heap.o
    0x08001bc0   0x08001bc0   0x00000044   Code   RO         2550    i.osHeapInit        los_heap.o
    0x08001c04   0x08001c04   0x0000001a   Code   RO         2551    i.osHeapPrvGetNext  los_heap.o
    0x08001c1e   0x08001c1e   0x00000002   PAD
    0x08001c20   0x08001c20   0x00000064   Code   RO         2552    i.osHeapStatisticsGet  los_heap.o
    0x08001c84   0x08001c84   0x00000004   Code   RO         1879    i.osIdleTask        los_task.o
    0x08001c88   0x08001c88   0x0000004c   Code   RO         1880    i.osIdleTaskCreate  los_task.o
    0x08001cd4   0x08001cd4   0x00000008   Code   RO         3250    i.osIntNumGet       los_hwi.o
    0x08001cdc   0x08001cdc   0x0000001c   Code   RO         2627    i.osMemSystemInit   los_memory.o
    0x08001cf8   0x08001cf8   0x0000004c   Code   RO         1593    i.osPriqueueDequeue  los_priqueue.o
    0x08001d44   0x08001d44   0x00000048   Code   RO         1594    i.osPriqueueEnqueue  los_priqueue.o
    0x08001d8c   0x08001d8c   0x00000048   Code   RO         1595    i.osPriqueueInit    los_priqueue.o
    0x08001dd4   0x08001dd4   0x00000028   Code   RO         1596    i.osPriqueueSize    los_priqueue.o
    0x08001dfc   0x08001dfc   0x00000028   Code   RO         1597    i.osPriqueueTop     los_priqueue.o
    0x08001e24   0x08001e24   0x0000010c   Code   RO         2326    i.osQueueBufferOperate  los_queue.o
    0x08001f30   0x08001f30   0x00000070   Code   RO         2327    i.osQueueInit       los_queue.o
    0x08001fa0   0x08001fa0   0x00000188   Code   RO         2330    i.osQueueOperate    los_queue.o
    0x08002128   0x08002128   0x00000040   Code   RO         2331    i.osQueueReadParameterCheck  los_queue.o
    0x08002168   0x08002168   0x00000040   Code   RO         2332    i.osQueueWriteParameterCheck  los_queue.o
    0x080021a8   0x080021a8   0x0000000c   Code   RO         3106    i.osRegister        los_init.o
    0x080021b4   0x080021b4   0x00000008   Code   RO         3161    i.osSchedule        los_hw.o
    0x080021bc   0x080021bc   0x00000060   Code   RO         2469    i.osSemInit         los_sem.o
    0x0800221c   0x0800221c   0x00000094   Code   RO         1680    i.osSwTmrInit       los_swtmr.o
    0x080022b0   0x080022b0   0x0000004c   Code   RO         1681    i.osSwTmrStart      los_swtmr.o
    0x080022fc   0x080022fc   0x00000044   Code   RO         1682    i.osSwTmrTask       los_swtmr.o
    0x08002340   0x08002340   0x00000044   Code   RO         1683    i.osSwTmrTaskCreate  los_swtmr.o
    0x08002384   0x08002384   0x00000080   Code   RO         1684    i.osSwTmrTimeoutHandle  los_swtmr.o
    0x08002404   0x08002404   0x00000014   Code   RO         1685    i.osSwtmrDelete     los_swtmr.o
    0x08002418   0x08002418   0x00000024   Code   RO         1686    i.osSwtmrScan       los_swtmr.o
    0x0800243c   0x0800243c   0x000000c0   Code   RO         1881    i.osTaskAdd2TimerList  los_task.o
    0x080024fc   0x080024fc   0x00000030   Code   RO         1882    i.osTaskEntry       los_task.o
    0x0800252c   0x0800252c   0x00000006   Code   RO         3162    i.osTaskExit        los_hw.o
    0x08002532   0x08002532   0x00000002   PAD
    0x08002534   0x08002534   0x00000128   Code   RO         1883    i.osTaskInit        los_task.o
    0x0800265c   0x0800265c   0x00000030   Code   RO         1884    i.osTaskMonInit     los_task.o
    0x0800268c   0x0800268c   0x000000dc   Code   RO         1886    i.osTaskScan        los_task.o
    0x08002768   0x08002768   0x00000184   Code   RO         1887    i.osTaskSwitchCheck  los_task.o
    0x080028ec   0x080028ec   0x0000004c   Code   RO         1888    i.osTaskWait        los_task.o
    0x08002938   0x08002938   0x00000046   Code   RO         1889    i.osTaskWake        los_task.o
    0x0800297e   0x0800297e   0x00000002   PAD
    0x08002980   0x08002980   0x00000024   Code   RO         2146    i.osTickHandler     los_tick.o
    0x080029a4   0x080029a4   0x000000b4   Code   RO         3210    i.osTickStart       los_hw_tick.o
    0x08002a58   0x08002a58   0x00000048   Code   RO         1890    i.osTimerListDelete  los_task.o
    0x08002aa0   0x08002aa0   0x00000090   Code   RO         3163    i.osTskStackInit    los_hw.o
    0x08002b30   0x08002b30   0x00000034   Code   RO            7    i.task1             main.o
    0x08002b64   0x08002b64   0x00000034   Code   RO            8    i.task2             main.o
    0x08002b98   0x08002b98   0x00000020   Data   RO         3595    Region$$Table       anon$$obj.o


    Execution Region RW_IRAM1 (Exec base: 0x20000000, Load base: 0x08002bb8, Size: 0x00002230, Max: 0x00020000, ABSOLUTE)

    Exec Addr    Load Addr    Size         Type   Attr      Idx    E Section Name        Object

    0x20000000   0x08002bb8   0x00000014   Data   RW          448    .data               system_stm32f4xx.o
    0x20000014   0x08002bcc   0x00000010   Data   RW          587    .data               stm32f4xx_rcc.o
    0x20000024   0x08002bdc   0x00000008   Data   RW         1599    .data               los_priqueue.o
    0x2000002c   0x08002be4   0x00000010   Data   RW         1689    .data               los_swtmr.o
    0x2000003c   0x08002bf4   0x00000048   Data   RW         1893    .data               los_task.o
    0x20000084   0x08002c3c   0x00000004   PAD
    0x20000088   0x08002c40   0x0000001c   Data   RW         2147    .data               los_tick.o
    0x200000a4   0x08002c5c   0x0000000c   Data   RW         2333    .data               los_queue.o
    0x200000b0   0x08002c68   0x0000000c   Data   RW         2470    .data               los_sem.o
    0x200000bc   0x08002c74   0x00000010   Data   RW         2553    .data               los_heap.o
    0x200000cc   0x08002c84   0x00000004   Data   RW         2629    .data               los_memory.o
    0x200000d0   0x08002c88   0x00000004   Data   RW         3107    .data               los_init.o
    0x200000d4   0x08002c8c   0x00000004   Data   RW         3575    .data               mc_w.l(stdout.o)
    0x200000d8        -       0x00000156   Zero   RW         1891    .bss                los_task.o
    0x2000022e   0x08002c90   0x00000002   PAD
    0x20000230        -       0x00002000   Zero   RW          435    STACK               startup_stm32f40_41xxx.o


==============================================================================

Image component sizes


      Code (inc. data)   RO Data    RW Data    ZI Data      Debug   Object Name

         0          0          0          0          0       6048   cmsis_liteos.o
        96         14          0          0          0      26932   delay.o
        64          4          0          0          0        563   led.o
       236         24          0          0          0        452   los_dispatch_keil.o
      1000        114          0         16          0       7574   los_heap.o
       222         18          0          0          0       2982   los_hw.o
       180         30          0          0          0        918   los_hw_tick.o
        52         10          0          0          0       2716   los_hwi.o
       344        140          0          4          0       2500   los_init.o
       352         68          0          4          0       4327   los_memory.o
        28          0          0          0          0        660   los_misc.o
       316         38          0          8          0      14006   los_priqueue.o
      1268        100          0         12          0      21104   los_queue.o
       116         16          0         12          0       3400   los_sem.o
       544         72          0         16          0       6841   los_swtmr.o
        12          6          0          0          0        555   los_sys.o
      2750        374          0         72        342      26996   los_task.o
        36          6          0         28          0       1076   los_tick.o
       282         80          0          0          0     281691   main.o
        36          8        392          0       8192        960   startup_stm32f40_41xxx.o
       218          0          0          0          0       2676   stm32f4xx_gpio.o
        22          0          0          0          0       3431   stm32f4xx_it.o
       296         30          0         16          0       4470   stm32f4xx_rcc.o
       270          8          0          0          0       3688   stm32f4xx_usart.o
       340         32          0         20          0       2273   system_stm32f4xx.o
       192         12          0          0          0       3031   usart.o

    ----------------------------------------------------------------------
      9292       1204        424        212       8536     431870   Object Totals
         0          0         32          0          0          0   (incl. Generated)
        20          0          0          4          2          0   (incl. Padding)

    ----------------------------------------------------------------------

      Code (inc. data)   RO Data    RW Data    ZI Data      Debug   Library Member Name

         0          0          0          0          0          0   entry.o
         0          0          0          0          0          0   entry10a.o
         0          0          0          0          0          0   entry11a.o
         8          4          0          0          0          0   entry2.o
         4          0          0          0          0          0   entry5.o
         0          0          0          0          0          0   entry7b.o
         0          0          0          0          0          0   entry8b.o
         8          4          0          0          0          0   entry9a.o
        30          0          0          0          0          0   handlers.o
        36          8          0          0          0         68   init.o
        30          0          0          0          0         68   llshl.o
        32          0          0          0          0         68   llushr.o
        36          0          0          0          0         68   memcpya.o
        36          0          0          0          0        108   memseta.o
      1154         54          0          0          0        352   printf8.o
         0          0          0          4          0          0   stdout.o
        98          0          0          0          0         92   uldiv.o

    ----------------------------------------------------------------------
      1476         70          0          4          0        824   Library Totals
         4          0          0          0          0          0   (incl. Padding)

    ----------------------------------------------------------------------

      Code (inc. data)   RO Data    RW Data    ZI Data      Debug   Library Name

      1472         70          0          4          0        824   mc_w.l

    ----------------------------------------------------------------------
      1476         70          0          4          0        824   Library Totals

    ----------------------------------------------------------------------

==============================================================================


      Code (inc. data)   RO Data    RW Data    ZI Data      Debug   

     10768       1274        424        216       8536     422834   Grand Totals
     10768       1274        424        216       8536     422834   ELF Image Totals
     10768       1274        424        216          0          0   ROM Totals

==============================================================================

    Total RO  Size (Code + RO Data)                11192 (  10.93kB)
    Total RW  Size (RW Data + ZI Data)              8752 (   8.55kB)
    Total ROM Size (Code + RO Data + RW Data)      11408 (  11.14kB)

==============================================================================

